 ray

 Timestamp is 56335e70 (Fri Oct 30 20:11:28 2015)

 Preferred load address is 00400000

 Start         Length     Name                   Class
 0001:00000000 000192aaH .text                   CODE
 0001:000192b0 00000038H .text$di                CODE
 0001:000192f0 00012c8cH .text$mn                CODE
 0001:0002bf80 000014a3H .text$x                 CODE
 0001:0002d430 00000035H .text$yd                CODE
 0002:00000000 00000470H .idata$5                DATA
 0002:00000470 00000004H .CRT$XCA                DATA
 0002:00000474 00000004H .CRT$XCAA               DATA
 0002:00000478 00000004H .CRT$XCL                DATA
 0002:0000047c 00000010H .CRT$XCU                DATA
 0002:0000048c 00000004H .CRT$XCZ                DATA
 0002:00000490 00000004H .CRT$XIA                DATA
 0002:00000494 00000004H .CRT$XIAA               DATA
 0002:00000498 00000004H .CRT$XIC                DATA
 0002:0000049c 00000004H .CRT$XIY                DATA
 0002:000004a0 00000004H .CRT$XIZ                DATA
 0002:000004b0 000011e8H .rdata                  DATA
 0002:00001698 00000da8H .rdata$r                DATA
 0002:00002440 00000004H .rtc$IAA                DATA
 0002:00002444 00000004H .rtc$IZZ                DATA
 0002:00002448 00000004H .rtc$TAA                DATA
 0002:0000244c 00000004H .rtc$TZZ                DATA
 0002:00002450 00001804H .xdata$x                DATA
 0002:00003c54 00000000H .edata                  DATA
 0002:00003c54 000000a0H .idata$2                DATA
 0002:00003cf4 00000014H .idata$3                DATA
 0002:00003d08 00000470H .idata$4                DATA
 0002:00004178 00001a36H .idata$6                DATA
 0003:00000000 00000d60H .data                   DATA
 0003:00000d60 00000654H .data$r                 DATA
 0003:000013b8 00001ac4H .bss                    DATA
 0004:00000000 00000058H .rsrc$01                DATA
 0004:00000060 00000180H .rsrc$02                DATA

  Address         Publics by Value              Rva+Base       Lib:Object

 0000:00000000       ___guard_fids_table        00000000     <absolute>
 0000:00000000       ___guard_flags             00000000     <absolute>
 0000:00000000       ___safe_se_handler_table   00000000     <absolute>
 0000:00000000       __except_list              00000000     <absolute>
 0000:00000000       ___safe_se_handler_count   00000000     <absolute>
 0000:00000000       ___guard_fids_count        00000000     <absolute>
 0000:00009876       __ldused                   00009876     <absolute>
 0000:00009876       __fltused                  00009876     <absolute>
 0000:00000000       ___ImageBase               00400000     <linker-defined>
 0001:00000000       ?visual@Fl@@SAHH@Z         00401000 f   fltkd:Fl_visual.obj
 0001:00000070       ?event_inside@Fl@@SAHHHHH@Z 00401070 f   fltkd:Fl.obj
 0001:000000c0       ?event_inside@Fl@@SAHPBVFl_Widget@@@Z 004010c0 f   fltkd:Fl.obj
 0001:00000129       ?add_timeout@Fl@@SAXNP6AXPAX@Z0@Z 00401129 f   fltkd:Fl.obj
 0001:000001d2       ?repeat_timeout@Fl@@SAXNP6AXPAX@Z0@Z 004011d2 f   fltkd:Fl.obj
 0001:00000295       ?has_timeout@Fl@@SAHP6AXPAX@Z0@Z 00401295 f   fltkd:Fl.obj
 0001:000002d7       ?remove_timeout@Fl@@SAXP6AXPAX@Z0@Z 004012d7 f   fltkd:Fl.obj
 0001:0000033a       ?add_check@Fl@@SAXP6AXPAX@Z0@Z 0040133a f   fltkd:Fl.obj
 0001:000003ae       ?remove_check@Fl@@SAXP6AXPAX@Z0@Z 004013ae f   fltkd:Fl.obj
 0001:00000426       ?wait@Fl@@SANN@Z           00401426 f   fltkd:Fl.obj
 0001:000005af       ?run@Fl@@SAHXZ             004015af f   fltkd:Fl.obj
 0001:000005d5       ?wait@Fl@@SAHXZ            004015d5 f   fltkd:Fl.obj
 0001:000005fa       ?check@Fl@@SAHXZ           004015fa f   fltkd:Fl.obj
 0001:00000619       ?ready@Fl@@SAHXZ           00401619 f   fltkd:Fl.obj
 0001:00000655       ?fl_find@@YAPAVFl_Window@@PAUHWND__@@@Z 00401655 f   fltkd:Fl.obj
 0001:000006c9       ?first_window@Fl@@SAPAVFl_Window@@XZ 004016c9 f   fltkd:Fl.obj
 0001:000006f6       ?next_window@Fl@@SAPAVFl_Window@@PBV2@@Z 004016f6 f   fltkd:Fl.obj
 0001:0000072d       ?first_window@Fl@@SAXPAVFl_Window@@@Z 0040172d f   fltkd:Fl.obj
 0001:0000075b       ?redraw@Fl@@SAXXZ          0040175b f   fltkd:Fl.obj
 0001:00000789       ?flush@Fl@@SAXXZ           00401789 f   fltkd:Fl.obj
 0001:0000083f       ?add_handler@Fl@@SAXP6AHH@Z@Z 0040183f f   fltkd:Fl.obj
 0001:00000879       ?focus@Fl@@SAXPAVFl_Widget@@@Z 00401879 f   fltkd:Fl.obj
 0001:000008ee       ?belowmouse@Fl@@SAXPAVFl_Widget@@@Z 004018ee f   fltkd:Fl.obj
 0001:0000094c       ?pushed@Fl@@SAXPAVFl_Widget@@@Z 0040194c f   fltkd:Fl.obj
 0001:00000959       ?fl_fix_focus@@YAXXZ       00401959 f   fltkd:Fl.obj
 0001:00000a8c       ?fl_throw_focus@@YAXPAVFl_Widget@@@Z 00401a8c f   fltkd:Fl.obj
 0001:00000b30       ?handle@Fl@@SAHHPAVFl_Window@@@Z 00401b30 f   fltkd:Fl.obj
 0001:00001031       ?hide@Fl_Window@@UAEXXZ    00402031 f   fltkd:Fl.obj
 0001:00001204       ??1Fl_Window@@UAE@XZ       00402204 f   fltkd:Fl.obj
 0001:00001255       ?handle@Fl_Window@@UAEHH@Z 00402255 f   fltkd:Fl.obj
 0001:00001330       ?selection_owner@Fl@@SAXPAVFl_Widget@@@Z 00402330 f   fltkd:Fl.obj
 0001:0000139a       ?redraw@Fl_Widget@@QAEXXZ  0040239a f   fltkd:Fl.obj
 0001:000013b2       ?damage@Fl_Widget@@QAEXE@Z 004023b2 f   fltkd:Fl.obj
 0001:00001459       ?damage@Fl_Widget@@QAEXEHHHH@Z 00402459 f   fltkd:Fl.obj
 0001:0000162c       ?flush@Fl_Window@@MAEXXZ   0040262c f   fltkd:Fl.obj
 0001:00001670       ?modal@Fl@@SAPAVFl_Window@@XZ 00402670 f i fltkd:Fl.obj
 0001:00001680       ?grab@Fl@@SAPAVFl_Window@@XZ 00402680 f i fltkd:Fl.obj
 0001:00001690       ?compose_reset@Fl@@SAXXZ   00402690 f i fltkd:Fl.obj
 0001:000016a0       ?belowmouse@Fl@@SAPAVFl_Widget@@XZ 004026a0 f i fltkd:Fl.obj
 0001:000016b0       ?pushed@Fl@@SAPAVFl_Widget@@XZ 004026b0 f i fltkd:Fl.obj
 0001:000016c0       ?focus@Fl@@SAPAVFl_Widget@@XZ 004026c0 f i fltkd:Fl.obj
 0001:000016d0       ?selection_owner@Fl@@SAPAVFl_Widget@@XZ 004026d0 f i fltkd:Fl.obj
 0001:000016e0       ?event_key@Fl@@SAHXZ       004026e0 f i fltkd:Fl.obj
 0001:000016f0       ?event_text@Fl@@SAPBDXZ    004026f0 f i fltkd:Fl.obj
 0001:00001700       ?type@Fl_Widget@@QBEEXZ    00402700 f i fltkd:Fl.obj
 0001:00001720       ?do_callback@Fl_Widget@@QAEXXZ 00402720 f i fltkd:Fl.obj
 0001:00001740       ?damage@Fl_Widget@@QBEEXZ  00402740 f i fltkd:Fl.obj
 0001:00001760       ?clear_damage@Fl_Widget@@QAEXE@Z 00402760 f i fltkd:Fl.obj
 0001:00001780       ?set_visible@Fl_Widget@@QAEXXZ 00402780 f i fltkd:Fl.obj
 0001:000017a0       ?clear_visible@Fl_Widget@@QAEXXZ 004027a0 f i fltkd:Fl.obj
 0001:000017c0       ?modal@Fl_Window@@QBEEXZ   004027c0 f i fltkd:Fl.obj
 0001:000017e0       ?flags@Fl_Widget@@IBEEXZ   004027e0 f i fltkd:Fl.obj
 0001:00001800       ?non_modal@Fl_Window@@QBEEXZ 00402800 f i fltkd:Fl.obj
 0001:00001820       ??_EFl_Window@@UAEPAXI@Z   00402820 f i fltkd:Fl.obj
 0001:00001820       ??_GFl_Window@@UAEPAXI@Z   00402820 f i fltkd:Fl.obj
 0001:00001850       ?visible@Fl_Widget@@QBEHXZ 00402850 f i fltkd:Fl.obj
 0001:00001870       ?shown@Fl_Window@@QAEHXZ   00402870 f i fltkd:Fl.obj
 0001:00001890       ?damage@Fl@@SAXH@Z         00402890 f i fltkd:Fl.obj
 0001:000018a0       ?XRectangleRegion@@YAPAUHRGN__@@HHHH@Z 004028a0 f i fltkd:Fl.obj
 0001:000018d0       ?XDestroyRegion@@YAXPAUHRGN__@@@Z 004028d0 f i fltkd:Fl.obj
 0001:000018e0       ?i@Fl_X@@SAPAV1@PBVFl_Window@@@Z 004028e0 f i fltkd:Fl.obj
 0001:000018f0       ?flush@Fl_X@@QAEXXZ        004028f0 f i fltkd:Fl.obj
 0001:00001910       ?fl_xid@@YAPAUHWND__@@PBVFl_Window@@@Z 00402910 f i fltkd:Fl.obj
 0001:00001930       ?fl_message@@YAXPBDZZ      00402930 f   fltkd:fl_ask.obj
 0001:00001ef6       ?fl_alert@@YAXPBDZZ        00402ef6 f   fltkd:fl_ask.obj
 0001:00001f42       ?fl_ask@@YAHPBDZZ          00402f42 f   fltkd:fl_ask.obj
 0001:00001f87       ?fl_choice@@YAHPBD000ZZ    00402f87 f   fltkd:fl_ask.obj
 0001:00001fc8       ?fl_message_icon@@YAPAVFl_Widget@@XZ 00402fc8 f   fltkd:fl_ask.obj
 0001:00001fd7       ?fl_input@@YAPBDPBD0ZZ     00402fd7 f   fltkd:fl_ask.obj
 0001:000020b5       ?fl_password@@YAPBDPBD0ZZ  004030b5 f   fltkd:fl_ask.obj
 0001:000020f0       ?position@Fl_Widget@@QAEXHH@Z 004030f0 f i fltkd:fl_ask.obj
 0001:00002120       ?size@Fl_Widget@@QAEXHH@Z  00403120 f i fltkd:fl_ask.obj
 0001:00002150       ?box@Fl_Widget@@QAEXW4Fl_Boxtype@@@Z 00403150 f i fltkd:fl_ask.obj
 0001:00002170       ?color@Fl_Widget@@QAEXE@Z  00403170 f i fltkd:fl_ask.obj
 0001:00002190       ?label@Fl_Widget@@QAEXPBD@Z 00403190 f i fltkd:fl_ask.obj
 0001:000021b0       ?labelcolor@Fl_Widget@@QAEXE@Z 004031b0 f i fltkd:fl_ask.obj
 0001:000021d0       ??0Fl_Box@@QAE@HHHHPBD@Z   004031d0 f i fltkd:fl_ask.obj
 0001:00002210       ?shortcut@Fl_Button@@QAEXPBD@Z 00403210 f i fltkd:fl_ask.obj
 0001:00002240       ?shortcut@Fl_Button@@QAEXH@Z 00403240 f i fltkd:fl_ask.obj
 0001:00002260       ??0Fl_Return_Button@@QAE@HHHHPBD@Z 00403260 f i fltkd:fl_ask.obj
 0001:000022a0       ??_EFl_Return_Button@@UAEPAXI@Z 004032a0 f i fltkd:fl_ask.obj
 0001:000022a0       ??_EFl_Slider@@UAEPAXI@Z   004032a0 f i fltkd:Fl_Slider.obj
 0001:000022a0       ??_GFl_Slider@@UAEPAXI@Z   004032a0 f i fltkd:Fl_Slider.obj
 0001:000022a0       ??_GFl_Return_Button@@UAEPAXI@Z 004032a0 f i fltkd:fl_ask.obj
 0001:000022d0       ??1Fl_Slider@@UAE@XZ       004032d0 f i fltkd:Fl_Value_Slider.obj
 0001:000022d0       ??1Fl_Return_Button@@UAE@XZ 004032d0 f i fltkd:fl_ask.obj
 0001:000022f0       ??1Fl_Button@@UAE@XZ       004032f0 f i fltkd:fl_ask.obj
 0001:000022f0       ??1Fl_Box@@UAE@XZ          004032f0 f i fltkd:fl_ask.obj
 0001:000022f0       ??1Fl_Valuator@@UAE@XZ     004032f0 f i fltkd:Fl_Valuator.obj
 0001:00002310       ?set_modal@Fl_Window@@QAEXXZ 00403310 f i fltkd:fl_ask.obj
 0001:00002330       ?set_flag@Fl_Widget@@IAEXH@Z 00403330 f i fltkd:fl_ask.obj
 0001:00002350       ?_Fl_Window@Fl_Window@@AAEXXZ 00403350 f   fltkd:Fl_Window.obj
 0001:000023c2       ??0Fl_Window@@QAE@HHHHPBD@Z 004033c2 f   fltkd:Fl_Window.obj
 0001:00002436       ??0Fl_Window@@QAE@HHPBD@Z  00403436 f   fltkd:Fl_Window.obj
 0001:000024ae       ?window@Fl_Widget@@QBEPAVFl_Window@@XZ 004034ae f   fltkd:Fl_Window.obj
 0001:000024f6       ?x_root@Fl_Window@@QBEHXZ  004034f6 f   fltkd:Fl_Window.obj
 0001:00002534       ?y_root@Fl_Window@@QBEHXZ  00403534 f   fltkd:Fl_Window.obj
 0001:00002572       ?draw@Fl_Window@@MAEXXZ    00403572 f   fltkd:Fl_Window.obj
 0001:000025c9       ?label@Fl_Window@@QAEXPBD@Z 004035c9 f   fltkd:Fl_Window.obj
 0001:000025eb       ?iconlabel@Fl_Window@@QAEXPBD@Z 004035eb f   fltkd:Fl_Window.obj
 0001:0000260d       ?default_atclose@Fl@@SAXPAVFl_Window@@PAX@Z 0040360d f   fltkd:Fl_Window.obj
 0001:0000262d       ?default_callback@Fl_Window@@SAXPAV1@PAX@Z 0040362d f   fltkd:Fl_Window.obj
 0001:00002650       ?x@Fl_Widget@@IAEXH@Z      00403650 f i fltkd:Fl_Window.obj
 0001:00002670       ?y@Fl_Widget@@IAEXH@Z      00403670 f i fltkd:Fl_Window.obj
 0001:00002690       ?labeltype@Fl_Widget@@QAEXW4Fl_Labeltype@@@Z 00403690 f i fltkd:Fl_Window.obj
 0001:000026b0       ?current@Fl_Group@@SAXPAV1@@Z 004036b0 f i fltkd:Fl_Window.obj
 0001:000026c0       ?iconlabel@Fl_Window@@QBEPBDXZ 004036c0 f i fltkd:Fl_Window.obj
 0001:000026e0       ?can_do@Fl_Gl_Window@@CAHHPBH@Z 004036e0 f   fltkd:Fl_Gl_Window.obj
 0001:000026fb       ?show@Fl_Gl_Window@@UAEXXZ 004036fb f   fltkd:Fl_Gl_Window.obj
 0001:00002758       ?invalidate@Fl_Gl_Window@@QAEXXZ 00403758 f   fltkd:Fl_Gl_Window.obj
 0001:0000276d       ?mode@Fl_Gl_Window@@AAEHHPBH@Z 0040376d f   fltkd:Fl_Gl_Window.obj
 0001:000027e5       ?make_current@Fl_Gl_Window@@QAEXXZ 004037e5 f   fltkd:Fl_Gl_Window.obj
 0001:0000288b       ?ortho@Fl_Gl_Window@@QAEXXZ 0040388b f   fltkd:Fl_Gl_Window.obj
 0001:0000293d       ?swap_buffers@Fl_Gl_Window@@QAEXXZ 0040393d f   fltkd:Fl_Gl_Window.obj
 0001:00002960       ?flush@Fl_Gl_Window@@UAEXXZ 00403960 f   fltkd:Fl_Gl_Window.obj
 0001:00002e02       ?resize@Fl_Gl_Window@@UAEXHHHH@Z 00403e02 f   fltkd:Fl_Gl_Window.obj
 0001:00002e4b       ?context@Fl_Gl_Window@@QAEXPAXH@Z 00403e4b f   fltkd:Fl_Gl_Window.obj
 0001:00002eb5       ?hide@Fl_Gl_Window@@UAEXXZ 00403eb5 f   fltkd:Fl_Gl_Window.obj
 0001:00002f01       ??1Fl_Gl_Window@@UAE@XZ    00403f01 f   fltkd:Fl_Gl_Window.obj
 0001:00002f52       ?init@Fl_Gl_Window@@AAEXXZ 00403f52 f   fltkd:Fl_Gl_Window.obj
 0001:00002fa1       ?draw_overlay@Fl_Gl_Window@@EAEXXZ 00403fa1 f   fltkd:Fl_Gl_Window.obj
 0001:00002fb0       ?valid@Fl_Gl_Window@@QAEXD@Z 00403fb0 f i fltkd:Fl_Gl_Window.obj
 0001:00002fd0       ?default_callback@Fl_Widget@@SAXPAV1@PAX@Z 00403fd0 f   fltkd:Fl_Widget.obj
 0001:00003035       ?readqueue@Fl@@SAPAVFl_Widget@@XZ 00404035 f   fltkd:Fl_Widget.obj
 0001:00003081       ?handle@Fl_Widget@@UAEHH@Z 00404081 f   fltkd:Fl_Widget.obj
 0001:00003090       ??0Fl_Widget@@IAE@HHHHPBD@Z 00404090 f   fltkd:Fl_Widget.obj
 0001:0000316e       ?resize@Fl_Widget@@UAEXHHHH@Z 0040416e f   fltkd:Fl_Widget.obj
 0001:000031a7       ?damage_resize@Fl_Widget@@QAEHHHHH@Z 004041a7 f   fltkd:Fl_Widget.obj
 0001:00003214       ?take_focus@Fl_Widget@@QAEHXZ 00404214 f   fltkd:Fl_Widget.obj
 0001:0000326e       ??1Fl_Widget@@UAE@XZ       0040426e f   fltkd:Fl_Widget.obj
 0001:00003298       ?activate@Fl_Widget@@QAEXXZ 00404298 f   fltkd:Fl_Widget.obj
 0001:00003382       ?deactivate@Fl_Widget@@QAEXXZ 00404382 f   fltkd:Fl_Widget.obj
 0001:000033d4       ?active_r@Fl_Widget@@QBEHXZ 004043d4 f   fltkd:Fl_Widget.obj
 0001:00003411       ?show@Fl_Widget@@QAEXXZ    00404411 f   fltkd:Fl_Widget.obj
 0001:00003475       ?hide@Fl_Widget@@QAEXXZ    00404475 f   fltkd:Fl_Widget.obj
 0001:00003509       ?visible_r@Fl_Widget@@QBEHXZ 00404509 f   fltkd:Fl_Widget.obj
 0001:00003546       ?contains@Fl_Widget@@QBEHPBV1@@Z 00404546 f   fltkd:Fl_Widget.obj
 0001:00003580       ??_EFl_Widget@@UAEPAXI@Z   00404580 f i fltkd:Fl_Widget.obj
 0001:00003580       ??_GFl_Widget@@UAEPAXI@Z   00404580 f i fltkd:Fl_Widget.obj
 0001:000035b0       ?clear_flag@Fl_Widget@@IAEXH@Z 004045b0 f i fltkd:Fl_Widget.obj
 0001:000035d0       ?align@Fl_Widget@@QBE?AW4Fl_Align@@XZ 004045d0 f i fltkd:Fl_Widget.obj
 0001:000035f0       ?box@Fl_Widget@@QBE?AW4Fl_Boxtype@@XZ 004045f0 f i fltkd:Fl_Widget.obj
 0001:00003610       ?active@Fl_Widget@@QBEHXZ  00404610 f i fltkd:Fl_Widget.obj
 0001:00003630       ?takesevents@Fl_Widget@@QBEHXZ 00404630 f i fltkd:Fl_Widget.obj
 0001:00003650       ?inside@Fl_Widget@@QBEHPBV1@@Z 00404650 f i fltkd:Fl_Widget.obj
 0001:00003680       ?current@Fl_Group@@SAPAV1@XZ 00404680 f i fltkd:Fl_Widget.obj
 0001:00003690       ?add@Fl_Group@@QAEXPAVFl_Widget@@@Z 00404690 f i fltkd:Fl_Widget.obj
 0001:000036b0       ?value@Fl_Menu_@@QAEHPBUFl_Menu_Item@@@Z 004046b0 f   fltkd:Fl_Menu_.obj
 0001:000036e2       ?picked@Fl_Menu_@@QAEPBUFl_Menu_Item@@PBU2@@Z 004046e2 f   fltkd:Fl_Menu_.obj
 0001:000037d8       ?setonly@Fl_Menu_Item@@QAEXXZ 004047d8 f   fltkd:Fl_Menu_.obj
 0001:00003878       ??0Fl_Menu_@@QAE@HHHHPBD@Z 00404878 f   fltkd:Fl_Menu_.obj
 0001:00003949       ?size@Fl_Menu_@@QBEHXZ     00404949 f   fltkd:Fl_Menu_.obj
 0001:0000396c       ?menu@Fl_Menu_@@QAEXPBUFl_Menu_Item@@@Z 0040496c f   fltkd:Fl_Menu_.obj
 0001:00003993       ?copy@Fl_Menu_@@QAEXPBUFl_Menu_Item@@PAX@Z 00404993 f   fltkd:Fl_Menu_.obj
 0001:00003a22       ??1Fl_Menu_@@UAE@XZ        00404a22 f   fltkd:Fl_Menu_.obj
 0001:00003a73       ?clear@Fl_Menu_@@QAEXXZ    00404a73 f   fltkd:Fl_Menu_.obj
 0001:00003b30       ??_EFl_Menu_@@UAEPAXI@Z    00404b30 f i fltkd:Fl_Menu_.obj
 0001:00003b30       ??_GFl_Menu_@@UAEPAXI@Z    00404b30 f i fltkd:Fl_Menu_.obj
 0001:00003b60       ?selection_color@Fl_Widget@@QAEXE@Z 00404b60 f i fltkd:Fl_Menu_.obj
 0001:00003b80       ?when@Fl_Widget@@QBE?AW4Fl_When@@XZ 00404b80 f i fltkd:Fl_Menu_.obj
 0001:00003ba0       ?changed@Fl_Widget@@QBEHXZ 00404ba0 f i fltkd:Fl_Menu_.obj
 0001:00003bc0       ?set_changed@Fl_Widget@@QAEXXZ 00404bc0 f i fltkd:Fl_Menu_.obj
 0001:00003be0       ?clear_changed@Fl_Widget@@QAEXXZ 00404be0 f i fltkd:Fl_Menu_.obj
 0001:00003c00       ?radio@Fl_Menu_Item@@QBEHXZ 00404c00 f i fltkd:Fl_Menu_.obj
 0001:00003c20       ?value@Fl_Menu_Item@@QBEHXZ 00404c20 f i fltkd:Fl_Menu_.obj
 0001:00003c40       ?clear@Fl_Menu_Item@@QAEXXZ 00404c40 f i fltkd:Fl_Menu_.obj
 0001:00003c60       ?do_callback@Fl_Menu_Item@@QBEXPAVFl_Widget@@@Z 00404c60 f i fltkd:Fl_Menu_.obj
 0001:00003c90       ?textfont@Fl_Menu_@@QAEXE@Z 00404c90 f i fltkd:Fl_Menu_.obj
 0001:00003cb0       ?textsize@Fl_Menu_@@QAEXE@Z 00404cb0 f i fltkd:Fl_Menu_.obj
 0001:00003cd0       ?textcolor@Fl_Menu_@@QAEXE@Z 00404cd0 f i fltkd:Fl_Menu_.obj
 0001:00003cf0       ?down_box@Fl_Menu_@@QAEXW4Fl_Boxtype@@@Z 00404cf0 f i fltkd:Fl_Menu_.obj
 0001:00003d10       ?draw@Fl_Menu_Bar@@MAEXXZ  00404d10 f   fltkd:Fl_Menu_Bar.obj
 0001:00003db7       ?handle@Fl_Menu_Bar@@UAEHH@Z 00404db7 f   fltkd:Fl_Menu_Bar.obj
 0001:00003ee0       ?submenu@Fl_Menu_Item@@QBEHXZ 00404ee0 f i fltkd:Fl_Menu_Bar.obj
 0001:00003f00       ?test_shortcut@Fl_Menu_@@QAEPBUFl_Menu_Item@@XZ 00404f00 f i fltkd:Fl_Menu_Bar.obj
 0001:00003f30       ?shortcut@Fl_Button@@QBEHXZ 00404f30 f i fltkd:Fl_Button.obj
 0001:00003f30       ?value@Fl_Input_@@QBEPBDXZ 00404f30 f i fltkd:fl_ask.obj
 0001:00003f30       ?menu@Fl_Menu_@@QBEPBUFl_Menu_Item@@XZ 00404f30 f i fltkd:Fl_Menu_Bar.obj
 0001:00003f50       ??0Fl_Valuator@@IAE@HHHHPBD@Z 00404f50 f   fltkd:Fl_Valuator.obj
 0001:00004014       ?step@Fl_Valuator@@QAEXN@Z 00405014 f   fltkd:Fl_Valuator.obj
 0001:000040bd       ?precision@Fl_Valuator@@QAEXH@Z 004050bd f   fltkd:Fl_Valuator.obj
 0001:00004106       ?value_damage@Fl_Valuator@@MAEXXZ 00405106 f   fltkd:Fl_Valuator.obj
 0001:0000411b       ?value@Fl_Valuator@@QAEHN@Z 0040511b f   fltkd:Fl_Valuator.obj
 0001:00004163       ?softclamp@Fl_Valuator@@IAENN@Z 00405163 f   fltkd:Fl_Valuator.obj
 0001:0000427d       ?handle_drag@Fl_Valuator@@IAEXN@Z 0040527d f   fltkd:Fl_Valuator.obj
 0001:000042d5       ?handle_release@Fl_Valuator@@IAEXXZ 004052d5 f   fltkd:Fl_Valuator.obj
 0001:00004321       ?round@Fl_Valuator@@QAENN@Z 00405321 f   fltkd:Fl_Valuator.obj
 0001:0000436f       ?clamp@Fl_Valuator@@QAENN@Z 0040536f f   fltkd:Fl_Valuator.obj
 0001:00004427       ?increment@Fl_Valuator@@QAENNH@Z 00405427 f   fltkd:Fl_Valuator.obj
 0001:000044aa       ?format@Fl_Valuator@@UAEHPAD@Z 004054aa f   fltkd:Fl_Valuator.obj
 0001:00004560       ??_EFl_Button@@UAEPAXI@Z   00405560 f i fltkd:Fl_Button.obj
 0001:00004560       ??_EFl_Box@@UAEPAXI@Z      00405560 f i fltkd:fl_ask.obj
 0001:00004560       ??_GFl_Box@@UAEPAXI@Z      00405560 f i fltkd:fl_ask.obj
 0001:00004560       ??_GFl_Valuator@@UAEPAXI@Z 00405560 f i fltkd:Fl_Valuator.obj
 0001:00004560       ??_GFl_Button@@UAEPAXI@Z   00405560 f i fltkd:Fl_Button.obj
 0001:00004560       ??_EFl_Valuator@@UAEPAXI@Z 00405560 f i fltkd:Fl_Valuator.obj
 0001:00004590       ?rint@@YANN@Z              00405590 f i fltkd:Fl_Valuator.obj
 0001:000045b0       ??0Fl_Value_Slider@@QAE@HHHHPBD@Z 004055b0 f   fltkd:Fl_Value_Slider.obj
 0001:00004638       ?draw@Fl_Value_Slider@@UAEXXZ 00405638 f   fltkd:Fl_Value_Slider.obj
 0001:000048f6       ?handle@Fl_Value_Slider@@UAEHH@Z 004058f6 f   fltkd:Fl_Value_Slider.obj
 0001:000049d0       ??_GFl_Value_Slider@@UAEPAXI@Z 004059d0 f i fltkd:Fl_Value_Slider.obj
 0001:000049d0       ??_GFl_Scrollbar@@UAEPAXI@Z 004059d0 f i fltkd:Fl_Scrollbar.obj
 0001:000049d0       ??_EFl_Scrollbar@@UAEPAXI@Z 004059d0 f i fltkd:Fl_Scrollbar.obj
 0001:000049d0       ??_EFl_Value_Slider@@UAEPAXI@Z 004059d0 f i fltkd:Fl_Value_Slider.obj
 0001:00004a00       ??1Fl_Scrollbar@@UAE@XZ    00405a00 f i fltkd:fl_file_chooser.obj
 0001:00004a00       ??1Fl_Value_Slider@@UAE@XZ 00405a00 f i fltkd:Fl_Value_Slider.obj
 0001:00004a20       ?color@Fl_Widget@@QBE?AW4Fl_Color@@XZ 00405a20 f i fltkd:Fl_Value_Slider.obj
 0001:00004a40       ?horizontal@Fl_Valuator@@IBEHXZ 00405a40 f i fltkd:Fl_Value_Slider.obj
 0001:00004a60       ?step@Fl_Valuator@@QAEXNH@Z 00405a60 f i fltkd:Fl_Value_Slider.obj
 0001:00004a90       ?textfont@Fl_Value_Slider@@QBE?AW4Fl_Font@@XZ 00405a90 f i fltkd:Fl_Value_Slider.obj
 0001:00004ab0       ?textsize@Fl_Value_Slider@@QBEEXZ 00405ab0 f i fltkd:Fl_Value_Slider.obj
 0001:00004ad0       ?textcolor@Fl_Value_Slider@@QBE?AW4Fl_Color@@XZ 00405ad0 f i fltkd:Fl_Value_Slider.obj
 0001:00004af0       ?value@Fl_Button@@QAEHH@Z  00405af0 f   fltkd:Fl_Button.obj
 0001:00004b40       ?setonly@Fl_Button@@QAEXXZ 00405b40 f   fltkd:Fl_Button.obj
 0001:00004bbf       ?draw@Fl_Button@@MAEXXZ    00405bbf f   fltkd:Fl_Button.obj
 0001:00004c77       ?handle@Fl_Button@@UAEHH@Z 00405c77 f   fltkd:Fl_Button.obj
 0001:00004f03       ??0Fl_Button@@QAE@HHHHPBD@Z 00405f03 f   fltkd:Fl_Button.obj
 0001:00004fa0       ?down@@YA?AW4Fl_Boxtype@@W41@@Z 00405fa0 f i fltkd:Fl_Button.obj
 0001:00004fb0       ?selection_color@Fl_Widget@@QBE?AW4Fl_Color@@XZ 00405fb0 f i fltkd:Fl_Button.obj
 0001:00004fd0       ?value@Fl_Button@@QBEDXZ   00405fd0 f i fltkd:Fl_Button.obj
 0001:00004ff0       ?down_box@Fl_Button@@QBE?AW4Fl_Boxtype@@XZ 00405ff0 f i fltkd:Fl_Button.obj
 0001:00005010       ?down_box@Fl_Button@@QAEXW4Fl_Boxtype@@@Z 00406010 f i fltkd:Fl_Button.obj
 0001:00005030       ?children@Fl_Group@@QBEHXZ 00406030 f i fltkd:Fl_Button.obj
 0001:00005055       ?fl_file_chooser_callback@@YAXP6AXPBD@Z@Z 00406055 f   fltkd:fl_file_chooser.obj
 0001:0000507b       ?checkdir@FCB@@ABEHPBUdirent@@PAD@Z 0040607b f   fltkd:fl_file_chooser.obj
 0001:0000514b       ?item_first@FCB@@EBEPAXXZ  0040614b f   fltkd:fl_file_chooser.obj
 0001:0000515f       ?item_next@FCB@@EBEPAXPAX@Z 0040615f f   fltkd:fl_file_chooser.obj
 0001:00005187       ?item_prev@FCB@@EBEPAXPAX@Z 00406187 f   fltkd:fl_file_chooser.obj
 0001:000051ac       ?incr_height@FCB@@EBEHXZ   004061ac f   fltkd:fl_file_chooser.obj
 0001:000051c7       ?item_height@FCB@@ABEHPBUdirent@@H@Z 004061c7 f   fltkd:fl_file_chooser.obj
 0001:000053e4       ?item_height@FCB@@EBEHPAX@Z 004063e4 f   fltkd:fl_file_chooser.obj
 0001:00005401       ?item_quick_height@FCB@@EBEHPAX@Z 00406401 f   fltkd:fl_file_chooser.obj
 0001:0000541e       ?item_draw@FCB@@EBEXPAXHHHH@Z 0040641e f   fltkd:fl_file_chooser.obj
 0001:000054e8       ?item_width@FCB@@ABEHPBUdirent@@@Z 004064e8 f   fltkd:fl_file_chooser.obj
 0001:00005554       ?item_width@FCB@@EBEHPAX@Z 00406554 f   fltkd:fl_file_chooser.obj
 0001:0000556f       ?get@FCB@@QAEHPAD@Z        0040656f f   fltkd:fl_file_chooser.obj
 0001:0000573b       ?set@FCB@@QAEXPBD@Z        0040673b f   fltkd:fl_file_chooser.obj
 0001:00005e09       ?draw@FCB@@EAEXXZ          00406e09 f   fltkd:fl_file_chooser.obj
 0001:00005efb       ?clear_prev@FCB@@AAEXXZ    00406efb f   fltkd:fl_file_chooser.obj
 0001:00005f7a       ?clear@FCB@@QAEXXZ         00406f7a f   fltkd:fl_file_chooser.obj
 0001:00006018       ?handle@FCW@@UAEHH@Z       00407018 f   fltkd:fl_file_chooser.obj
 0001:000060d9       ??0FCW@@QAE@XZ             004070d9 f   fltkd:fl_file_chooser.obj
 0001:00006c22       ?fl_file_chooser@@YAPADPBD00@Z 00407c22 f   fltkd:fl_file_chooser.obj
 0001:00006f70       ??0FCB@@QAE@HHHH@Z         00407f70 f i fltkd:fl_file_chooser.obj
 0001:00007040       ??_GFCB@@UAEPAXI@Z         00408040 f i fltkd:fl_file_chooser.obj
 0001:00007040       ??_EFCB@@UAEPAXI@Z         00408040 f i fltkd:fl_file_chooser.obj
 0001:00007070       ??1Fl_Browser_@@UAE@XZ     00408070 f i fltkd:fl_file_chooser.obj
 0001:000070d0       ??1FCB@@UAE@XZ             004080d0 f i fltkd:fl_file_chooser.obj
 0001:000070f0       ?callback@Fl_Widget@@QAEXP6AXPAV1@PAX@Z1@Z 004080f0 f i fltkd:fl_file_chooser.obj
 0001:00007110       ?begin@Fl_Group@@QAEXXZ    00408110 f i fltkd:fl_file_chooser.obj
 0001:00007130       ?event_clicks@Fl@@SAHXZ    00408130 f i fltkd:fl_file_chooser.obj
 0001:00007140       ?event_button@Fl@@SAHXZ    00408140 f i fltkd:fl_file_chooser.obj
 0001:00007150       ?selection@Fl_Browser_@@IBEPAXXZ 00408150 f i fltkd:fl_file_chooser.obj
 0001:00007170       ?textfont@Fl_Browser_@@QBE?AW4Fl_Font@@XZ 00408170 f i fltkd:fl_file_chooser.obj
 0001:00007190       ?textsize@Fl_Browser_@@QBEEXZ 00408190 f i fltkd:fl_file_chooser.obj
 0001:000071b0       ?textcolor@Fl_Browser_@@QBE?AW4Fl_Color@@XZ 004081b0 f i fltkd:fl_file_chooser.obj
 0001:000071d0       ??_EFCW@@UAEPAXI@Z         004081d0 f i fltkd:fl_file_chooser.obj
 0001:000071d0       ??_GFCW@@UAEPAXI@Z         004081d0 f i fltkd:fl_file_chooser.obj
 0001:00007200       ??1Fl_Input@@UAE@XZ        00408200 f i fltkd:fl_file_chooser.obj
 0001:00007220       ??1FCW@@UAE@XZ             00408220 f i fltkd:fl_file_chooser.obj
 0001:00007280       ?position@Fl_Input_@@QAEHH@Z 00408280 f i fltkd:fl_file_chooser.obj
 0001:000072a0       ?array@Fl_Group@@QBEPBQAVFl_Widget@@XZ 004082a0 f   fltkd:Fl_Group.obj
 0001:000072cd       ?find@Fl_Group@@QBEHPBVFl_Widget@@@Z 004082cd f   fltkd:Fl_Group.obj
 0001:00007320       ?handle@Fl_Group@@UAEHH@Z  00408320 f   fltkd:Fl_Group.obj
 0001:00007911       ?navigation@Fl_Group@@AAEHH@Z 00408911 f   fltkd:Fl_Group.obj
 0001:00007ab9       ??0Fl_Group@@QAE@HHHHPBD@Z 00408ab9 f   fltkd:Fl_Group.obj
 0001:00007b5e       ?clear@Fl_Group@@QAEXXZ    00408b5e f   fltkd:Fl_Group.obj
 0001:00007c1f       ??1Fl_Group@@UAE@XZ        00408c1f f   fltkd:Fl_Group.obj
 0001:00007c70       ?insert@Fl_Group@@QAEXAAVFl_Widget@@H@Z 00408c70 f   fltkd:Fl_Group.obj
 0001:00007de8       ?add@Fl_Group@@QAEXAAVFl_Widget@@@Z 00408de8 f   fltkd:Fl_Group.obj
 0001:00007e08       ?remove@Fl_Group@@QAEXAAVFl_Widget@@@Z 00408e08 f   fltkd:Fl_Group.obj
 0001:00007ee1       ?init_sizes@Fl_Group@@QAEXXZ 00408ee1 f   fltkd:Fl_Group.obj
 0001:00007f0d       ?sizes@Fl_Group@@IAEPAFXZ  00408f0d f   fltkd:Fl_Group.obj
 0001:00008170       ?resize@Fl_Group@@UAEXHHHH@Z 00409170 f   fltkd:Fl_Group.obj
 0001:00008527       ?draw@Fl_Group@@MAEXXZ     00409527 f   fltkd:Fl_Group.obj
 0001:000085e0       ?update_child@Fl_Group@@IBEXAAVFl_Widget@@@Z 004095e0 f   fltkd:Fl_Group.obj
 0001:00008663       ?draw_child@Fl_Group@@IBEXAAVFl_Widget@@@Z 00409663 f   fltkd:Fl_Group.obj
 0001:000086e2       ?draw_outside_label@Fl_Group@@IBEXABVFl_Widget@@@Z 004096e2 f   fltkd:Fl_Group.obj
 0001:00008850       ?event_state@Fl@@SAHH@Z    00409850 f i fltkd:Fl_Group.obj
 0001:00008860       ??_EFl_Group@@UAEPAXI@Z    00409860 f i fltkd:Fl_Group.obj
 0001:00008860       ??_GFl_Group@@UAEPAXI@Z    00409860 f i fltkd:Fl_Group.obj
 0001:00008890       ?find@Fl_Group@@QBEHABVFl_Widget@@@Z 00409890 f i fltkd:Fl_Group.obj
 0001:000088b0       ?size@Fl_Input_@@QBEHXZ    004098b0 f i fltkd:fl_file_chooser.obj
 0001:000088b0       ?resizable@Fl_Group@@QBEPAVFl_Widget@@XZ 004098b0 f i fltkd:Fl_Group.obj
 0001:000088d0       ?add_fd@Fl@@SAXHHP6AXHPAX@Z0@Z 004098d0 f   fltkd:Fl_x.obj
 0001:00008a29       ?add_fd@Fl@@SAXHP6AXHPAX@Z0@Z 00409a29 f   fltkd:Fl_x.obj
 0001:00008a44       ?remove_fd@Fl@@SAXHH@Z     00409a44 f   fltkd:Fl_x.obj
 0001:00008c85       ?remove_fd@Fl@@SAXH@Z      00409c85 f   fltkd:Fl_x.obj
 0001:00008c98       ?fl_wait@@YAHN@Z           00409c98 f   fltkd:Fl_x.obj
 0001:00008f4e       ?fl_ready@@YAHXZ           00409f4e f   fltkd:Fl_x.obj
 0001:00008fe1       ?x@Fl@@SAHXZ               00409fe1 f   fltkd:Fl_x.obj
 0001:00008ffe       ?y@Fl@@SAHXZ               00409ffe f   fltkd:Fl_x.obj
 0001:0000901b       ?h@Fl@@SAHXZ               0040a01b f   fltkd:Fl_x.obj
 0001:0000903b       ?w@Fl@@SAHXZ               0040a03b f   fltkd:Fl_x.obj
 0001:0000905b       ?get_mouse@Fl@@SAXAAH0@Z   0040a05b f   fltkd:Fl_x.obj
 0001:0000907f       ?fake_X_wm@Fl_X@@SAHPBVFl_Window@@AAH1111@Z 0040a07f f   fltkd:Fl_x.obj
 0001:000092be       ?resize@Fl_Window@@UAEXHHHH@Z 0040a2be f   fltkd:Fl_x.obj
 0001:00009452       ?make@Fl_X@@SAPAV1@PAVFl_Window@@@Z 0040a452 f   fltkd:Fl_x.obj
 0001:0000a87c       ?size_range_@Fl_Window@@AAEXXZ 0040b87c f   fltkd:Fl_x.obj
 0001:0000a88e       ?set_minmax@Fl_X@@QAEXPAUtagMINMAXINFO@@@Z 0040b88e f   fltkd:Fl_x.obj
 0001:0000a967       ?filename_name@@YAPBDPBD@Z 0040b967 f   fltkd:Fl_x.obj
 0001:0000a9d5       ?label@Fl_Window@@QAEXPBD0@Z 0040b9d5 f   fltkd:Fl_x.obj
 0001:0000aa2f       ?show@Fl_Window@@UAEXXZ    0040ba2f f   fltkd:Fl_x.obj
 0001:0000aa8e       ?fl_GetDC@@YAPAUHDC__@@PAUHWND__@@@Z 0040ba8e f   fltkd:Fl_x.obj
 0001:0000aafc       ?make_current@Fl_Window@@QAEXXZ 0040bafc f   fltkd:Fl_x.obj
 0001:0000ab40       ?border@Fl_Window@@QBEHXZ  0040bb40 f i fltkd:Fl_x.obj
 0001:0000ab60       ?size_range@Fl_Window@@QAEXHHHHHHH@Z 0040bb60 f i fltkd:Fl_x.obj
 0001:0000abc0       ?icon@Fl_Window@@QBEPBXXZ  0040bbc0 f i fltkd:Fl_x.obj
 0001:0000abe0       ?icon@Fl_Window@@QAEXPBX@Z 0040bbe0 f i fltkd:Fl_x.obj
 0001:0000ac00       ?setwindow@Fl_X@@QAEXPAVFl_Window@@@Z 0040bc00 f i fltkd:Fl_x.obj
 0001:0000ac20       ?compose@Fl@@SAHAAH@Z      0040bc20 f   fltkd:Fl_compose.obj
 0001:0000ae30       ?fl_rect@@YAXHHHH@Z        0040be30 f   fltkd:fl_rect.obj
 0001:0000aecd       ?fl_rectf@@YAXHHHH@Z       0040becd f   fltkd:fl_rect.obj
 0001:0000af1a       ?fl_xyline@@YAXHHH@Z       0040bf1a f   fltkd:fl_rect.obj
 0001:0000af4e       ?fl_xyline@@YAXHHHH@Z      0040bf4e f   fltkd:fl_rect.obj
 0001:0000afb0       ?fl_xyline@@YAXHHHHH@Z     0040bfb0 f   fltkd:fl_rect.obj
 0001:0000b027       ?fl_yxline@@YAXHHH@Z       0040c027 f   fltkd:fl_rect.obj
 0001:0000b074       ?fl_yxline@@YAXHHHH@Z      0040c074 f   fltkd:fl_rect.obj
 0001:0000b0d6       ?fl_yxline@@YAXHHHHH@Z     0040c0d6 f   fltkd:fl_rect.obj
 0001:0000b14d       ?fl_line@@YAXHHHH@Z        0040c14d f   fltkd:fl_rect.obj
 0001:0000b199       ?fl_line@@YAXHHHHHH@Z      0040c199 f   fltkd:fl_rect.obj
 0001:0000b1fa       ?fl_loop@@YAXHHHHHH@Z      0040c1fa f   fltkd:fl_rect.obj
 0001:0000b255       ?fl_loop@@YAXHHHHHHHH@Z    0040c255 f   fltkd:fl_rect.obj
 0001:0000b2c5       ?fl_polygon@@YAXHHHHHH@Z   0040c2c5 f   fltkd:fl_rect.obj
 0001:0000b318       ?fl_polygon@@YAXHHHHHHHH@Z 0040c318 f   fltkd:fl_rect.obj
 0001:0000b378       ?fl_point@@YAXHH@Z         0040c378 f   fltkd:fl_rect.obj
 0001:0000b398       ?fl_restore_clip@@YAXXZ    0040c398 f   fltkd:fl_rect.obj
 0001:0000b3ce       ?fl_clip_region@@YAXPAUHRGN__@@@Z 0040c3ce f   fltkd:fl_rect.obj
 0001:0000b40b       ?fl_clip@@YAXHHHH@Z        0040c40b f   fltkd:fl_rect.obj
 0001:0000b4a4       ?fl_push_no_clip@@YAXXZ    0040c4a4 f   fltkd:fl_rect.obj
 0001:0000b4d5       ?fl_pop_clip@@YAXXZ        0040c4d5 f   fltkd:fl_rect.obj
 0001:0000b51b       ?fl_not_clipped@@YAHHHHH@Z 0040c51b f   fltkd:fl_rect.obj
 0001:0000b5a8       ?fl_clip_box@@YAHHHHHAAH000@Z 0040c5a8 f   fltkd:fl_rect.obj
 0001:0000b6c0       ?current@Fl_Window@@SAPAV1@XZ 0040c6c0 f i fltkd:fl_rect.obj
 0001:0000b6d0       ?fl_RGB@@YAKXZ             0040c6d0 f i fltkd:fl_rect.obj
 0001:0000b6e0       ?hotspot@Fl_Window@@QAEXHHH@Z 0040c6e0 f   fltkd:Fl_Window_hotspot.obj
 0001:0000b721       ?hotspot@Fl_Window@@QAEXPBVFl_Widget@@H@Z 0040c721 f   fltkd:Fl_Window_hotspot.obj
 0001:0000b7a0       _vsnprintf                 0040c7a0 f   fltkd:vsnprintf.obj
 0001:0000babb       _snprintf                  0040cabb f   fltkd:vsnprintf.obj
 0001:0000baf0       ?draw@Fl_Input@@UAEXXZ     0040caf0 f   fltkd:Fl_Input.obj
 0001:0000bbbd       ?shift_position@Fl_Input@@AAEHH@Z 0040cbbd f   fltkd:Fl_Input.obj
 0001:0000bc00       ?shift_up_down_position@Fl_Input@@AAEHH@Z 0040cc00 f   fltkd:Fl_Input.obj
 0001:0000bc27       ?handle_key@Fl_Input@@AAEHXZ 0040cc27 f   fltkd:Fl_Input.obj
 0001:0000c4af       ?handle@Fl_Input@@UAEHH@Z  0040d4af f   fltkd:Fl_Input.obj
 0001:0000c6b9       ??0Fl_Input@@QAE@HHHHPBD@Z 0040d6b9 f   fltkd:Fl_Input.obj
 0001:0000c6f0       ?event_state@Fl@@SAHXZ     0040d6f0 f i fltkd:Fl_Input.obj
 0001:0000c700       ?event_length@Fl@@SAHXZ    0040d700 f i fltkd:Fl_Input.obj
 0001:0000c710       ?event_is_click@Fl@@SAHXZ  0040d710 f i fltkd:Fl_Input.obj
 0001:0000c720       ?event_is_click@Fl@@SAXH@Z 0040d720 f i fltkd:Fl_Input.obj
 0001:0000c730       ??_GFl_Input@@UAEPAXI@Z    0040d730 f i fltkd:Fl_Input.obj
 0001:0000c730       ??_EFl_Input@@UAEPAXI@Z    0040d730 f i fltkd:Fl_Input.obj
 0001:0000c760       ?index@Fl_Input_@@QBEDH@Z  0040d760 f i fltkd:Fl_Input.obj
 0001:0000c780       ?position@Fl_Input_@@QBEHXZ 0040d780 f i fltkd:Fl_Input.obj
 0001:0000c7a0       ?mark@Fl_Input_@@QBEHXZ    0040d7a0 f i fltkd:Fl_Input.obj
 0001:0000c7c0       ?cut@Fl_Input_@@QAEHXZ     0040d7c0 f i fltkd:Fl_Input.obj
 0001:0000c7f0       ?cut@Fl_Input_@@QAEHH@Z    0040d7f0 f i fltkd:Fl_Input.obj
 0001:0000c820       ?cut@Fl_Input_@@QAEHHH@Z   0040d820 f i fltkd:Fl_Input.obj
 0001:0000c850       ?expand@Fl_Input_@@ABEPBDPBDPAD@Z 0040d850 f   fltkd:Fl_Input_.obj
 0001:0000ca51       ?expandpos@Fl_Input_@@ABENPBD00PAH@Z 0040da51 f   fltkd:Fl_Input_.obj
 0001:0000cb43       ?minimal_update@Fl_Input_@@AAEXH@Z 0040db43 f   fltkd:Fl_Input_.obj
 0001:0000cbac       ?minimal_update@Fl_Input_@@AAEXHH@Z 0040dbac f   fltkd:Fl_Input_.obj
 0001:0000cbd3       ?setfont@Fl_Input_@@ABEXXZ 0040dbd3 f   fltkd:Fl_Input_.obj
 0001:0000cbfd       ?drawtext@Fl_Input_@@IAEXHHHH@Z 0040dbfd f   fltkd:Fl_Input_.obj
 0001:0000d64f       ?word_end@Fl_Input_@@IBEHH@Z 0040e64f f   fltkd:Fl_Input_.obj
 0001:0000d6fd       ?word_start@Fl_Input_@@IBEHH@Z 0040e6fd f   fltkd:Fl_Input_.obj
 0001:0000d750       ?line_end@Fl_Input_@@IBEHH@Z 0040e750 f   fltkd:Fl_Input_.obj
 0001:0000d7a8       ?line_start@Fl_Input_@@IBEHH@Z 0040e7a8 f   fltkd:Fl_Input_.obj
 0001:0000d7fe       ?handle_mouse@Fl_Input_@@IAEXHHHHH@Z 0040e7fe f   fltkd:Fl_Input_.obj
 0001:0000dd38       ?position@Fl_Input_@@QAEHHH@Z 0040ed38 f   fltkd:Fl_Input_.obj
 0001:0000de6d       ?up_down_position@Fl_Input_@@IAEHHH@Z 0040ee6d f   fltkd:Fl_Input_.obj
 0001:0000dfbd       ?copy@Fl_Input_@@QAEHXZ    0040efbd f   fltkd:Fl_Input_.obj
 0001:0000e073       ?replace@Fl_Input_@@QAEHHHPBDH@Z 0040f073 f   fltkd:Fl_Input_.obj
 0001:0000e4f4       ?undo@Fl_Input_@@QAEHXZ    0040f4f4 f   fltkd:Fl_Input_.obj
 0001:0000e6a6       ?copy_cuts@Fl_Input_@@QAEHXZ 0040f6a6 f   fltkd:Fl_Input_.obj
 0001:0000e6dc       ?maybe_do_callback@Fl_Input_@@IAEXXZ 0040f6dc f   fltkd:Fl_Input_.obj
 0001:0000e712       ?handletext@Fl_Input_@@IAEHHHHHH@Z 0040f712 f   fltkd:Fl_Input_.obj
 0001:0000e90d       ??0Fl_Input_@@QAE@HHHHPBD@Z 0040f90d f   fltkd:Fl_Input_.obj
 0001:0000ea0a       ?put_in_buffer@Fl_Input_@@AAEXH@Z 0040fa0a f   fltkd:Fl_Input_.obj
 0001:0000eb7e       ?static_value@Fl_Input_@@QAEHPBDH@Z 0040fb7e f   fltkd:Fl_Input_.obj
 0001:0000ecda       ?static_value@Fl_Input_@@QAEHPBD@Z 0040fcda f   fltkd:Fl_Input_.obj
 0001:0000ed17       ?value@Fl_Input_@@QAEHPBDH@Z 0040fd17 f   fltkd:Fl_Input_.obj
 0001:0000ed4e       ?value@Fl_Input_@@QAEHPBD@Z 0040fd4e f   fltkd:Fl_Input_.obj
 0001:0000ed8b       ?resize@Fl_Input_@@UAEXHHHH@Z 0040fd8b f   fltkd:Fl_Input_.obj
 0001:0000edde       ??1Fl_Input_@@UAE@XZ       0040fdde f   fltkd:Fl_Input_.obj
 0001:0000ee30       ?event_x@Fl@@SAHXZ         0040fe30 f i fltkd:Fl_Input_.obj
 0001:0000ee40       ?event_y@Fl@@SAHXZ         0040fe40 f i fltkd:Fl_Input_.obj
 0001:0000ee50       ?event_clicks@Fl@@SAXH@Z   0040fe50 f i fltkd:Fl_Input_.obj
 0001:0000ee60       ?textfont@Fl_Input_@@QBE?AW4Fl_Font@@XZ 0040fe60 f i fltkd:Fl_Input_.obj
 0001:0000ee80       ?textsize@Fl_Input_@@QBEEXZ 0040fe80 f i fltkd:Fl_Input_.obj
 0001:0000eea0       ?textcolor@Fl_Input_@@QBE?AW4Fl_Color@@XZ 0040fea0 f i fltkd:Fl_Input_.obj
 0001:0000eec0       ?cursor_color@Fl_Input_@@QBE?AW4Fl_Color@@XZ 0040fec0 f i fltkd:Fl_Input_.obj
 0001:0000eee0       ?color@Fl_Widget@@QAEXEE@Z 0040fee0 f i fltkd:Fl_Input_.obj
 0001:0000ef00       ??_GFl_Input_@@UAEPAXI@Z   0040ff00 f i fltkd:Fl_Input_.obj
 0001:0000ef00       ??_EFl_Input_@@UAEPAXI@Z   0040ff00 f i fltkd:Fl_Input_.obj
 0001:0000ef30       ?draw@Fl_Box@@MAEXXZ       0040ff30 f   fltkd:Fl_Box.obj
 0001:0000ef50       ?test_shortcut@Fl@@SAHH@Z  0040ff50 f   fltkd:fl_shortcut.obj
 0001:0000f01a       ?fl_shortcut_label@@YAPBDH@Z 0041001a f   fltkd:fl_shortcut.obj
 0001:0000f246       ?fl_old_shortcut@@YAHPBD@Z 00410246 f   fltkd:fl_shortcut.obj
 0001:0000f2f9       ?test_shortcut@Fl_Widget@@SAHPBD@Z 004102f9 f   fltkd:fl_shortcut.obj
 0001:0000f37a       ?test_shortcut@Fl_Widget@@QAEHXZ 0041037a f   fltkd:fl_shortcut.obj
 0001:0000f3b0       ?fl_return_arrow@@YAHHHHH@Z 004103b0 f   fltkd:Fl_Return_Button.obj
 0001:0000f520       ?draw@Fl_Return_Button@@MAEXXZ 00410520 f   fltkd:Fl_Return_Button.obj
 0001:0000f66a       ?handle@Fl_Return_Button@@UAEHH@Z 0041066a f   fltkd:Fl_Return_Button.obj
 0001:0000f6b0       ?fl_gray_ramp@@YA?AW4Fl_Color@@H@Z 004106b0 f i fltkd:Fl_Return_Button.obj
 0001:0000f6c0       ?find@Fl_Gl_Choice@@SAPAV1@HPBH@Z 004106c0 f   fltkd:Fl_Gl_Choice.obj
 0001:0000f8bd       ?fl_create_gl_context@@YAPAUHGLRC__@@PAVFl_Window@@PBVFl_Gl_Choice@@H@Z 004108bd f   fltkd:Fl_Gl_Choice.obj
 0001:0000f997       ?fl_set_gl_context@@YAXPAVFl_Window@@PAUHGLRC__@@@Z 00410997 f   fltkd:Fl_Gl_Choice.obj
 0001:0000f9dd       ?fl_no_gl_context@@YAXXZ   004109dd f   fltkd:Fl_Gl_Choice.obj
 0001:0000fa00       ?fl_delete_gl_context@@YAXPAUHGLRC__@@@Z 00410a00 f   fltkd:Fl_Gl_Choice.obj
 0001:0000faf0       ?get_color@Fl@@SAIW4Fl_Color@@@Z 00410af0 f   fltkd:fl_color.obj
 0001:0000faff       ?set_color@Fl@@SAXW4Fl_Color@@EEE@Z 00410aff f   fltkd:fl_color.obj
 0001:0000fb38       ?get_color@Fl@@SAXW4Fl_Color@@AAE11@Z 00410b38 f   fltkd:fl_color.obj
 0001:0000fb6e       ?fl_color_average@@YA?AW4Fl_Color@@W41@0M@Z 00410b6e f   fltkd:fl_color.obj
 0001:0000fcea       ?inactive@@YA?AW4Fl_Color@@W41@@Z 00410cea f   fltkd:fl_color.obj
 0001:0000fd02       ?contrast@@YA?AW4Fl_Color@@W41@0@Z 00410d02 f   fltkd:fl_color.obj
 0001:0000fd54       ?fl_color@@YAXW4Fl_Color@@@Z 00410d54 f   fltkd:fl_color.obj
 0001:0000fe34       ?fl_color@@YAXEEE@Z        00410e34 f   fltkd:fl_color.obj
 0001:0000ff5e       ?fl_brush@@YAPAUHBRUSH__@@XZ 00410f5e f   fltkd:fl_color.obj
 0001:00010133       ?free_color@Fl@@SAXW4Fl_Color@@H@Z 00411133 f   fltkd:fl_color.obj
 0001:00010154       ?set_color@Fl@@SAXW4Fl_Color@@I@Z 00411154 f   fltkd:fl_color.obj
 0001:0001018a       ?fl_select_palette@@YAPAUHPALETTE__@@XZ 0041118a f   fltkd:fl_color.obj
 0001:000102e0       ?fl_color_cube@@YA?AW4Fl_Color@@HHH@Z 004112e0 f i fltkd:fl_color.obj
 0001:00010300       ?size@Fl_Menu_Item@@QBEHXZ 00411300 f   fltkd:Fl_Menu.obj
 0001:00010367       ?next@Fl_Menu_Item@@QBEPBU1@H@Z 00411367 f   fltkd:Fl_Menu.obj
 0001:000103f0       ?measure@Fl_Menu_Item@@QBEHPAHPBVFl_Menu_@@@Z 004113f0 f   fltkd:Fl_Menu.obj
 0001:000104f6       ?draw@Fl_Menu_Item@@QBEXHHHHPBVFl_Menu_@@H@Z 004114f6 f   fltkd:Fl_Menu.obj
 0001:000109b9       ??0menutitle@@QAE@HHHHPBUFl_Menu_Item@@@Z 004119b9 f   fltkd:Fl_Menu.obj
 0001:00010a4e       ??0menuwindow@@QAE@PBUFl_Menu_Item@@HHHH00HH@Z 00411a4e f   fltkd:Fl_Menu.obj
 0001:00010f32       ??1menuwindow@@UAE@XZ      00411f32 f   fltkd:Fl_Menu.obj
 0001:00010faa       ?position@menuwindow@@QAEXHH@Z 00411faa f   fltkd:Fl_Menu.obj
 0001:00010ffc       ?autoscroll@menuwindow@@QAEXH@Z 00411ffc f   fltkd:Fl_Menu.obj
 0001:0001109f       ?drawentry@menuwindow@@AAEXPBUFl_Menu_Item@@HH@Z 0041209f f   fltkd:Fl_Menu.obj
 0001:00011315       ?draw@menutitle@@EAEXXZ    00412315 f   fltkd:Fl_Menu.obj
 0001:00011349       ?draw@menuwindow@@EAEXXZ   00412349 f   fltkd:Fl_Menu.obj
 0001:0001145d       ?set_selected@menuwindow@@QAEXH@Z 0041245d f   fltkd:Fl_Menu.obj
 0001:00011488       ?find_selected@menuwindow@@QAEHHH@Z 00412488 f   fltkd:Fl_Menu.obj
 0001:000115ca       ?titlex@menuwindow@@QAEHH@Z 004125ca f   fltkd:Fl_Menu.obj
 0001:00011628       ?handle@menuwindow@@UAEHH@Z 00412628 f   fltkd:Fl_Menu.obj
 0001:00011c8e       ?pulldown@Fl_Menu_Item@@QBEPBU1@HHHHPBU1@PBVFl_Menu_@@0H@Z 00412c8e f   fltkd:Fl_Menu.obj
 0001:0001264f       ?popup@Fl_Menu_Item@@QBEPBU1@HHPBDPBU1@PBVFl_Menu_@@@Z 0041364f f   fltkd:Fl_Menu.obj
 0001:00012690       ?find_shortcut@Fl_Menu_Item@@QBEPBU1@PAH@Z 00413690 f   fltkd:Fl_Menu.obj
 0001:0001271a       ?test_shortcut@Fl_Menu_Item@@QBEPBU1@XZ 0041371a f   fltkd:Fl_Menu.obj
 0001:000127d0       ??_Gmenutitle@@UAEPAXI@Z   004137d0 f i fltkd:Fl_Menu.obj
 0001:000127d0       ??_Emenutitle@@UAEPAXI@Z   004137d0 f i fltkd:Fl_Menu.obj
 0001:00012800       ??1menutitle@@UAE@XZ       00413800 f i fltkd:Fl_Menu.obj
 0001:00012820       ?w@Fl_Widget@@IAEXH@Z      00413820 f i fltkd:Fl_Menu.obj
 0001:00012840       ?h@Fl_Widget@@IAEXH@Z      00413840 f i fltkd:Fl_Menu.obj
 0001:00012860       ??_Emenuwindow@@UAEPAXI@Z  00413860 f i fltkd:Fl_Menu.obj
 0001:00012860       ??_Gmenuwindow@@UAEPAXI@Z  00413860 f i fltkd:Fl_Menu.obj
 0001:00012890       ?clear_border@Fl_Window@@QAEXXZ 00413890 f i fltkd:Fl_Menu.obj
 0001:000128b0       ?event_x_root@Fl@@SAHXZ    004138b0 f i fltkd:Fl_Menu.obj
 0001:000128c0       ?event_y_root@Fl@@SAHXZ    004138c0 f i fltkd:Fl_Menu.obj
 0001:000128d0       ?event_shift@Fl@@SAHXZ     004138d0 f i fltkd:Fl_Menu.obj
 0001:000128e0       ?clear_overlay@Fl_Menu_Window@@QAEXXZ 004138e0 f i fltkd:Fl_Menu.obj
 0001:00012900       ??0Fl_Menu_Window@@QAE@HHHHPBD@Z 00413900 f i fltkd:Fl_Menu.obj
 0001:00012940       ??0Fl_Single_Window@@QAE@HHHHPBD@Z 00413940 f i fltkd:Fl_Menu.obj
 0001:00012980       ??_GFl_Single_Window@@UAEPAXI@Z 00413980 f i fltkd:Fl_Menu.obj
 0001:00012980       ??_EFl_Single_Window@@UAEPAXI@Z 00413980 f i fltkd:Fl_Menu.obj
 0001:000129b0       ??1Fl_Single_Window@@UAE@XZ 004139b0 f i fltkd:Fl_Menu.obj
 0001:000129d0       ??_EFl_Menu_Window@@UAEPAXI@Z 004139d0 f i fltkd:Fl_Menu.obj
 0001:000129d0       ??_GFl_Menu_Window@@UAEPAXI@Z 004139d0 f i fltkd:Fl_Menu.obj
 0001:00012a00       ?grab@Fl@@SAXAAVFl_Window@@@Z 00413a00 f i fltkd:Fl_Menu.obj
 0001:00012a20       ?release@Fl@@SAXXZ         00413a20 f i fltkd:Fl_Menu.obj
 0001:00012a30       ?visible@Fl_Menu_Item@@QBEHXZ 00413a30 f i fltkd:Fl_Menu.obj
 0001:00012a50       ?active@Fl_Menu_Item@@QBEHXZ 00413a50 f i fltkd:Fl_Menu.obj
 0001:00012a70       ?activevisible@Fl_Menu_Item@@QBEHXZ 00413a70 f i fltkd:Fl_Menu.obj
 0001:00012a90       ?textfont@Fl_Menu_@@QBE?AW4Fl_Font@@XZ 00413a90 f i fltkd:Fl_Menu.obj
 0001:00012ab0       ?textsize@Fl_Menu_@@QBEEXZ 00413ab0 f i fltkd:Fl_Menu.obj
 0001:00012ad0       ?textcolor@Fl_Menu_@@QBE?AW4Fl_Color@@XZ 00413ad0 f i fltkd:Fl_Menu.obj
 0001:00012af0       ?down_box@Fl_Menu_@@QBE?AW4Fl_Boxtype@@XZ 00413af0 f i fltkd:Fl_Menu.obj
 0001:00012b10       ?fl_gray_ramp@@YAPAEXZ     00413b10 f   fltkd:fl_boxtype.obj
 0001:00012b37       ?fl_frame@@YAXPBDHHHH@Z    00413b37 f   fltkd:fl_boxtype.obj
 0001:00012cde       ?fl_frame2@@YAXPBDHHHH@Z   00413cde f   fltkd:fl_boxtype.obj
 0001:00012e85       ?fl_no_box@@YAXHHHHW4Fl_Color@@@Z 00413e85 f   fltkd:fl_boxtype.obj
 0001:00012e8a       ?fl_thin_down_frame@@YAXHHHHW4Fl_Color@@@Z 00413e8a f   fltkd:fl_boxtype.obj
 0001:00012eac       ?fl_thin_down_box@@YAXHHHHW4Fl_Color@@@Z 00413eac f   fltkd:fl_boxtype.obj
 0001:00012efd       ?fl_thin_up_frame@@YAXHHHHW4Fl_Color@@@Z 00413efd f   fltkd:fl_boxtype.obj
 0001:00012f1f       ?fl_thin_up_box@@YAXHHHHW4Fl_Color@@@Z 00413f1f f   fltkd:fl_boxtype.obj
 0001:00012f70       ?fl_up_frame@@YAXHHHHW4Fl_Color@@@Z 00413f70 f   fltkd:fl_boxtype.obj
 0001:00012f92       ?fl_up_box@@YAXHHHHW4Fl_Color@@@Z 00413f92 f   fltkd:fl_boxtype.obj
 0001:00012fe3       ?fl_down_frame@@YAXHHHHW4Fl_Color@@@Z 00413fe3 f   fltkd:fl_boxtype.obj
 0001:00013005       ?fl_down_box@@YAXHHHHW4Fl_Color@@@Z 00414005 f   fltkd:fl_boxtype.obj
 0001:00013056       ?fl_engraved_frame@@YAXHHHHW4Fl_Color@@@Z 00414056 f   fltkd:fl_boxtype.obj
 0001:00013078       ?fl_engraved_box@@YAXHHHHW4Fl_Color@@@Z 00414078 f   fltkd:fl_boxtype.obj
 0001:000130c9       ?fl_embossed_frame@@YAXHHHHW4Fl_Color@@@Z 004140c9 f   fltkd:fl_boxtype.obj
 0001:000130eb       ?fl_embossed_box@@YAXHHHHW4Fl_Color@@@Z 004140eb f   fltkd:fl_boxtype.obj
 0001:0001313c       ?fl_rectbound@@YAXHHHHW4Fl_Color@@@Z 0041413c f   fltkd:fl_boxtype.obj
 0001:00013193       ?fl_rectf@@YAXHHHHW4Fl_Color@@@Z 00414193 f   fltkd:fl_boxtype.obj
 0001:000131bc       ?fl_border_frame@@YAXHHHHW4Fl_Color@@@Z 004141bc f   fltkd:fl_boxtype.obj
 0001:000131e5       ?box_dx@Fl@@SAHW4Fl_Boxtype@@@Z 004141e5 f   fltkd:fl_boxtype.obj
 0001:000131f8       ?box_dy@Fl@@SAHW4Fl_Boxtype@@@Z 004141f8 f   fltkd:fl_boxtype.obj
 0001:0001320b       ?box_dw@Fl@@SAHW4Fl_Boxtype@@@Z 0041420b f   fltkd:fl_boxtype.obj
 0001:0001321e       ?box_dh@Fl@@SAHW4Fl_Boxtype@@@Z 0041421e f   fltkd:fl_boxtype.obj
 0001:00013231       ?fl_internal_boxtype@@YAXW4Fl_Boxtype@@P6AXHHHHW4Fl_Color@@@Z@Z 00414231 f   fltkd:fl_boxtype.obj
 0001:00013243       ?set_boxtype@Fl@@SAXW4Fl_Boxtype@@P6AXHHHHW4Fl_Color@@@ZEEEE@Z 00414243 f   fltkd:fl_boxtype.obj
 0001:00013289       ?set_boxtype@Fl@@SAXW4Fl_Boxtype@@0@Z 00414289 f   fltkd:fl_boxtype.obj
 0001:000132b0       ?fl_draw_box@@YAXW4Fl_Boxtype@@HHHHW4Fl_Color@@@Z 004142b0 f   fltkd:fl_boxtype.obj
 0001:000132dc       ?draw_box@Fl_Widget@@IBEXXZ 004142dc f   fltkd:fl_boxtype.obj
 0001:00013331       ?draw_box@Fl_Widget@@IBEXW4Fl_Boxtype@@W4Fl_Color@@@Z 00414331 f   fltkd:fl_boxtype.obj
 0001:0001336e       ?draw_box@Fl_Widget@@IBEXW4Fl_Boxtype@@HHHHW4Fl_Color@@@Z 0041436e f   fltkd:fl_boxtype.obj
 0001:000133c0       ?fl_color@@YAXH@Z          004143c0 f i fltkd:fl_boxtype.obj
 0001:000133e0       ?_Fl_Slider@Fl_Slider@@AAEXXZ 004143e0 f   fltkd:Fl_Slider.obj
 0001:000133fc       ??0Fl_Slider@@QAE@HHHHPBD@Z 004143fc f   fltkd:Fl_Slider.obj
 0001:00013470       ??0Fl_Slider@@QAE@EHHHHPBD@Z 00414470 f   fltkd:Fl_Slider.obj
 0001:00013520       ?slider_size@Fl_Slider@@QAEXN@Z 00414520 f   fltkd:Fl_Slider.obj
 0001:00013591       ?bounds@Fl_Slider@@QAEXNN@Z 00414591 f   fltkd:Fl_Slider.obj
 0001:000135e4       ?scrollvalue@Fl_Slider@@QAEHHHHH@Z 004145e4 f   fltkd:Fl_Slider.obj
 0001:00013688       ?draw_bg@Fl_Slider@@AAEXHHHH@Z 00414688 f   fltkd:Fl_Slider.obj
 0001:0001373f       ?draw@Fl_Slider@@IAEXHHHH@Z 0041473f f   fltkd:Fl_Slider.obj
 0001:00013bcd       ?draw@Fl_Slider@@UAEXXZ    00414bcd f   fltkd:Fl_Slider.obj
 0001:00013c78       ?handle@Fl_Slider@@IAEHHHHHH@Z 00414c78 f   fltkd:Fl_Slider.obj
 0001:00014046       ?handle@Fl_Slider@@UAEHH@Z 00415046 f   fltkd:Fl_Slider.obj
 0001:000140e0       ?handle_push@Fl_Valuator@@IAEXXZ 004150e0 f i fltkd:Fl_Slider.obj
 0001:00014100       ?bounds@Fl_Valuator@@QAEXNN@Z 00415100 f i fltkd:Fl_Slider.obj
 0001:00014130       ?minimum@Fl_Valuator@@QBENXZ 00415130 f i fltkd:Fl_Slider.obj
 0001:00014150       ?maximum@Fl_Valuator@@QBENXZ 00415150 f i fltkd:Fl_Slider.obj
 0001:00014170       ?slider@Fl_Slider@@QBE?AW4Fl_Boxtype@@XZ 00415170 f i fltkd:Fl_Slider.obj
 0001:00014190       ?fl_draw@@YAXPBDHHHHW4Fl_Align@@P6AX0HHH@Z@Z 00415190 f   fltkd:fl_draw.obj
 0001:00014610       ?fl_draw@@YAXPBDHHHHW4Fl_Align@@@Z 00415610 f   fltkd:fl_draw.obj
 0001:000146aa       ?fl_measure@@YAXPBDAAH1@Z  004156aa f   fltkd:fl_draw.obj
 0001:000147a0       ??0Fl_FontSize@@QAE@PBDH@Z 004157a0 f   fltkd:fl_font.obj
 0001:00014911       ??1Fl_FontSize@@QAE@XZ     00415911 f   fltkd:fl_font.obj
 0001:0001493e       ?fl_font@@YAXHH@Z          0041593e f   fltkd:fl_font.obj
 0001:00014a6b       ?fl_height@@YAHXZ          00415a6b f   fltkd:fl_font.obj
 0001:00014a87       ?fl_descent@@YAHXZ         00415a87 f   fltkd:fl_font.obj
 0001:00014a97       ?fl_width@@YANPBD@Z        00415a97 f   fltkd:fl_font.obj
 0001:00014ade       ?fl_width@@YANPBDH@Z       00415ade f   fltkd:fl_font.obj
 0001:00014b2b       ?fl_width@@YANE@Z          00415b2b f   fltkd:fl_font.obj
 0001:00014b42       ?fl_draw@@YAXPBDHHH@Z      00415b42 f   fltkd:fl_font.obj
 0001:00014b8c       ?fl_draw@@YAXPBDHH@Z       00415b8c f   fltkd:fl_font.obj
 0001:00014bc0       ?fl_no_label@@YAXPBUFl_Label@@HHHHW4Fl_Align@@@Z 00415bc0 f   fltkd:fl_labeltype.obj
 0001:00014bc5       ?fl_normal_label@@YAXPBUFl_Label@@HHHHW4Fl_Align@@@Z 00415bc5 f   fltkd:fl_labeltype.obj
 0001:00014c17       ?fl_normal_measure@@YAXPBUFl_Label@@AAH1@Z 00415c17 f   fltkd:fl_labeltype.obj
 0001:00014c4c       ?set_labeltype@Fl@@SAXW4Fl_Labeltype@@P6AXPBUFl_Label@@HHHHW4Fl_Align@@@ZP6AX1AAH4@Z@Z 00415c4c f   fltkd:fl_labeltype.obj
 0001:00014c6b       ?draw@Fl_Label@@QBEXHHHHW4Fl_Align@@@Z 00415c6b f   fltkd:fl_labeltype.obj
 0001:00014cac       ?measure@Fl_Label@@QBEXAAH0@Z 00415cac f   fltkd:fl_labeltype.obj
 0001:00014cf6       ?draw_label@Fl_Widget@@IBEXXZ 00415cf6 f   fltkd:fl_labeltype.obj
 0001:00014dac       ?draw_label@Fl_Widget@@IBEXHHHH@Z 00415dac f   fltkd:fl_labeltype.obj
 0001:00014dfa       ?draw_label@Fl_Widget@@QBEXHHHHW4Fl_Align@@@Z 00415dfa f   fltkd:fl_labeltype.obj
 0001:00014e80       ?filename_isdir@@YAHPBD@Z  00415e80 f   fltkd:filename_isdir.obj
 0001:00014f40       ?filename_match@@YAHPBD0@Z 00415f40 f   fltkd:filename_match.obj
 0001:000153c0       ?bbox@Fl_Browser_@@IBEXAAH000@Z 004163c0 f   fltkd:Fl_Browser_.obj
 0001:00015512       ?leftedge@Fl_Browser_@@IBEHXZ 00416512 f   fltkd:Fl_Browser_.obj
 0001:0001553a       ?resize@Fl_Browser_@@UAEXHHHH@Z 0041653a f   fltkd:Fl_Browser_.obj
 0001:00015614       ?redraw_line@Fl_Browser_@@IAEXPAX@Z 00416614 f   fltkd:Fl_Browser_.obj
 0001:0001567d       ?update_top@Fl_Browser_@@AAEXXZ 0041667d f   fltkd:Fl_Browser_.obj
 0001:0001587f       ?position@Fl_Browser_@@QAEXH@Z 0041687f f   fltkd:Fl_Browser_.obj
 0001:000158c2       ?hposition@Fl_Browser_@@QAEXH@Z 004168c2 f   fltkd:Fl_Browser_.obj
 0001:00015905       ?displayed@Fl_Browser_@@IBEHPAX@Z 00416905 f   fltkd:Fl_Browser_.obj
 0001:0001598b       ?display@Fl_Browser_@@QAEXPAX@Z 0041698b f   fltkd:Fl_Browser_.obj
 0001:00015b73       ?draw@Fl_Browser_@@MAEXXZ  00416b73 f   fltkd:Fl_Browser_.obj
 0001:00016417       ?new_list@Fl_Browser_@@IAEXXZ 00417417 f   fltkd:Fl_Browser_.obj
 0001:00016484       ?deleting@Fl_Browser_@@IAEXPAX@Z 00417484 f   fltkd:Fl_Browser_.obj
 0001:0001654d       ?replacing@Fl_Browser_@@IAEXPAX0@Z 0041754d f   fltkd:Fl_Browser_.obj
 0001:000165ad       ?inserting@Fl_Browser_@@IAEXPAX0@Z 004175ad f   fltkd:Fl_Browser_.obj
 0001:000165e6       ?find_item@Fl_Browser_@@IAEPAXH@Z 004175e6 f   fltkd:Fl_Browser_.obj
 0001:00016683       ?select@Fl_Browser_@@QAEHPAXHH@Z 00417683 f   fltkd:Fl_Browser_.obj
 0001:000167e7       ?deselect@Fl_Browser_@@QAEHH@Z 004177e7 f   fltkd:Fl_Browser_.obj
 0001:00016897       ?select_only@Fl_Browser_@@QAEHPAXH@Z 00417897 f   fltkd:Fl_Browser_.obj
 0001:0001694b       ?handle@Fl_Browser_@@UAEHH@Z 0041794b f   fltkd:Fl_Browser_.obj
 0001:00017209       ??0Fl_Browser_@@IAE@HHHHPBD@Z 00418209 f   fltkd:Fl_Browser_.obj
 0001:000173d5       ?item_quick_height@Fl_Browser_@@MBEHPAX@Z 004183d5 f   fltkd:Fl_Browser_.obj
 0001:000173f1       ?incr_height@Fl_Browser_@@MBEHXZ 004183f1 f   fltkd:Fl_Browser_.obj
 0001:00017413       ?full_height@Fl_Browser_@@MBEHXZ 00418413 f   fltkd:Fl_Browser_.obj
 0001:0001746b       ?full_width@Fl_Browser_@@MBEHXZ 0041846b f   fltkd:Fl_Browser_.obj
 0001:0001747c       ?item_select@Fl_Browser_@@MAEXPAXH@Z 0041847c f   fltkd:Fl_Browser_.obj
 0001:00017489       ?item_selected@Fl_Browser_@@MBEHPAX@Z 00418489 f   fltkd:Fl_Browser_.obj
 0001:000174b0       ?value@Fl_Scrollbar@@QAEHHHHH@Z 004184b0 f i fltkd:Fl_Browser_.obj
 0001:000174e0       ?linesize@Fl_Scrollbar@@QAEXH@Z 004184e0 f i fltkd:Fl_Browser_.obj
 0001:00017500       ?top@Fl_Browser_@@IBEPAXXZ 00418500 f i fltkd:Fl_Browser_.obj
 0001:00017520       ?redraw_lines@Fl_Browser_@@IAEXXZ 00418520 f i fltkd:Fl_Browser_.obj
 0001:00017540       ?value@Fl_Scrollbar@@QAEHXZ 00418540 f i fltkd:Fl_Browser_.obj
 0001:00017560       ??_EFl_Browser_@@UAEPAXI@Z 00418560 f i fltkd:Fl_Browser_.obj
 0001:00017560       ??_GFl_Browser_@@UAEPAXI@Z 00418560 f i fltkd:Fl_Browser_.obj
 0001:00017590       ?filename_list@@YAHPBDPAPAPAUdirent@@@Z 00418590 f   fltkd:filename_list.obj
 0001:000175b0       ?filename_expand@@YAHPADPBD@Z 004185b0 f   fltkd:filename_expand.obj
 0001:00017840       ?filename_absolute@@YAHPADPBD@Z 00418840 f   fltkd:filename_absolute.obj
 0001:00017a50       ?isdirsep@@YAHD@Z          00418a50 f i fltkd:filename_absolute.obj
 0001:00017a80       ?selection@Fl@@SAXAAVFl_Widget@@PBDH@Z 00418a80 f   fltkd:Fl_cutpaste.obj
 0001:00017c73       ?paste@Fl@@SAXAAVFl_Widget@@@Z 00418c73 f   fltkd:Fl_cutpaste.obj
 0001:00017d80       ?show@Fl_Menu_Window@@UAEXXZ 00418d80 f   fltkd:Fl_Menu_Window.obj
 0001:00017d93       ?flush@Fl_Menu_Window@@UAEXXZ 00418d93 f   fltkd:Fl_Menu_Window.obj
 0001:00017da6       ?erase@Fl_Menu_Window@@QAEXXZ 00418da6 f   fltkd:Fl_Menu_Window.obj
 0001:00017db1       ?hide@Fl_Menu_Window@@UAEXXZ 00418db1 f   fltkd:Fl_Menu_Window.obj
 0001:00017dcc       ??1Fl_Menu_Window@@UAE@XZ  00418dcc f   fltkd:Fl_Menu_Window.obj
 0001:00017e20       ?show@Fl_Single_Window@@UAEXXZ 00418e20 f   fltkd:Fl_Single_Window.obj
 0001:00017e33       ?flush@Fl_Single_Window@@UAEXXZ 00418e33 f   fltkd:Fl_Single_Window.obj
 0001:00017e50       ?grab@Fl@@SAXPAVFl_Window@@@Z 00418e50 f   fltkd:Fl_grab.obj
 0001:00017ed0       ?increment_cb@Fl_Scrollbar@@AAEXXZ 00418ed0 f   fltkd:Fl_Scrollbar.obj
 0001:00018002       ?timeout_cb@Fl_Scrollbar@@CAXPAX@Z 00419002 f   fltkd:Fl_Scrollbar.obj
 0001:00018033       ?handle@Fl_Scrollbar@@UAEHH@Z 00419033 f   fltkd:Fl_Scrollbar.obj
 0001:0001863a       ?draw@Fl_Scrollbar@@MAEXXZ 0041963a f   fltkd:Fl_Scrollbar.obj
 0001:00018ae7       ??0Fl_Scrollbar@@QAE@HHHHPBD@Z 00419ae7 f   fltkd:Fl_Scrollbar.obj
 0001:00018b90       ?labelcolor@Fl_Widget@@QBE?AW4Fl_Color@@XZ 00419b90 f i fltkd:Fl_Scrollbar.obj
 0001:00018bb0       ?slider_size@Fl_Slider@@QBEMXZ 00419bb0 f i fltkd:Fl_Scrollbar.obj
 0001:00018bd0       ?slider@Fl_Slider@@QAEXW4Fl_Boxtype@@@Z 00419bd0 f i fltkd:Fl_Scrollbar.obj
 0001:00018bf0       _scandir                   00419bf0 f   fltkd:scandir.obj
 0001:00018eed       _alphasort                 00419eed f   fltkd:scandir.obj
 0001:00018f10       _numericsort               00419f10 f   fltkd:numericsort.obj
 0001:00019230       _WinMain@16                0041a230 f   fltkd:fl_call_main.obj
 0001:000192f0       ?GetOption@@YAHHPAPADPAD0@Z 0041a2f0 f   getopt.obj
 0001:000193d0       ?getopt@@YAHHPAPADPAD@Z    0041a3d0 f   getopt.obj
 0001:00019410       ??0?$basic_string@DU?$char_traits@D@std@@V?$allocator@D@2@@std@@QAE@PBD@Z 0041a410 f i main.obj
 0001:00019470       ??3@YAXPAX0@Z              0041a470 f i main.obj
 0001:00019480       ??_Eerror_category@std@@UAEPAXI@Z 0041a480 f i main.obj
 0001:00019480       ??_Gerror_category@std@@UAEPAXI@Z 0041a480 f i main.obj
 0001:00019480       ??_E_Generic_error_category@std@@UAEPAXI@Z 0041a480 f i main.obj
 0001:00019480       ??_G_System_error_category@std@@UAEPAXI@Z 0041a480 f i main.obj
 0001:00019480       ??_E_System_error_category@std@@UAEPAXI@Z 0041a480 f i main.obj
 0001:00019480       ??_G_Iostream_error_category@std@@UAEPAXI@Z 0041a480 f i main.obj
 0001:00019480       ??_G_Generic_error_category@std@@UAEPAXI@Z 0041a480 f i main.obj
 0001:00019480       ??_E_Iostream_error_category@std@@UAEPAXI@Z 0041a480 f i main.obj
 0001:000194b0       ?_Copy@?$basic_string@DU?$char_traits@D@std@@V?$allocator@D@2@@std@@QAEXII@Z 0041a4b0 f i main.obj
 0001:00019600       ?_Eos@?$basic_string@DU?$char_traits@D@std@@V?$allocator@D@2@@std@@QAEXI@Z 0041a600 f i main.obj
 0001:00019630       ?_Grow@?$basic_string@DU?$char_traits@D@std@@V?$allocator@D@2@@std@@QAE_NI_N@Z 0041a630 f i main.obj
 0001:000196e0       ?allocate@?$_Wrap_alloc@V?$allocator@D@std@@@std@@QAEPADI@Z 0041a6e0 f i main.obj
 0001:00019710       ?assign@?$basic_string@DU?$char_traits@D@std@@V?$allocator@D@2@@std@@QAEAAV12@ABV12@II@Z 0041a710 f i main.obj
 0001:00019830       ?assign@?$basic_string@DU?$char_traits@D@std@@V?$allocator@D@2@@std@@QAEAAV12@PBDI@Z 0041a830 f i main.obj
 0001:00019930       ?default_error_condition@_System_error_category@std@@UBE?AVerror_condition@2@H@Z 0041a930 f i main.obj
 0001:00019970       ?default_error_condition@error_category@std@@UBE?AVerror_condition@2@H@Z 0041a970 f i main.obj
 0001:00019990       ?equivalent@error_category@std@@UBE_NABVerror_code@2@H@Z 0041a990 f i main.obj
 0001:000199b0       ?equivalent@error_category@std@@UBE_NHABVerror_condition@2@@Z 0041a9b0 f i main.obj
 0001:000199f0       ?erase@?$basic_string@DU?$char_traits@D@std@@V?$allocator@D@2@@std@@QAEAAV12@II@Z 0041a9f0 f i main.obj
 0001:00019a90       ?message@_Generic_error_category@std@@UBE?AV?$basic_string@DU?$char_traits@D@std@@V?$allocator@D@2@@2@H@Z 0041aa90 f i main.obj
 0001:00019b10       ?message@_Iostream_error_category@std@@UBE?AV?$basic_string@DU?$char_traits@D@std@@V?$allocator@D@2@@2@H@Z 0041ab10 f i main.obj
 0001:00019b60       ?message@_System_error_category@std@@UBE?AV?$basic_string@DU?$char_traits@D@std@@V?$allocator@D@2@@2@H@Z 0041ab60 f i main.obj
 0001:00019be0       ?name@_Generic_error_category@std@@UBEPBDXZ 0041abe0 f i main.obj
 0001:00019bf0       ?name@_Iostream_error_category@std@@UBEPBDXZ 0041abf0 f i main.obj
 0001:00019c00       ?name@_System_error_category@std@@UBEPBDXZ 0041ac00 f i main.obj
 0001:00019c10       ?processArgs@@YA_NHPAPAD@Z 0041ac10 f   main.obj
 0001:00019d00       _main                      0041ad00 f   main.obj
 0001:00019f30       ??0RayTracer@@QAE@XZ       0041af30 f   RayTracer.obj
 0001:00019f60       ??1isect@@QAE@XZ           0041af60 f i RayTracer.obj
 0001:00019f70       ?aspectRatio@RayTracer@@QAENXZ 0041af70 f   RayTracer.obj
 0001:00019fb0       ?getBuffer@RayTracer@@QAEXAAPAEAAH1@Z 0041afb0 f   RayTracer.obj
 0001:00019fd0       ?loadScene@RayTracer@@QAE_NPAD@Z 0041afd0 f   RayTracer.obj
 0001:0001a120       ?sceneLoaded@RayTracer@@QAE_NXZ 0041b120 f   RayTracer.obj
 0001:0001a130       ?traceLines@RayTracer@@QAEXHH@Z 0041b130 f   RayTracer.obj
 0001:0001a2b0       ?tracePixel@RayTracer@@QAEXHH@Z 0041b2b0 f   RayTracer.obj
 0001:0001a3f0       ?traceRay@RayTracer@@QAE?AVvec3f@@PAVScene@@ABVray@@ABV2@H@Z 0041b3f0 f   RayTracer.obj
 0001:0001a4b0       ?traceSetup@RayTracer@@QAEXHH@Z 0041b4b0 f   RayTracer.obj
 0001:0001a510       ??0TraceGLWindow@@QAE@HHHHPBD@Z 0041b510 f   TraceGLWindow.obj
 0001:0001a590       ??_ETraceGLWindow@@UAEPAXI@Z 0041b590 f i TraceGLWindow.obj
 0001:0001a590       ??_EFl_Gl_Window@@UAEPAXI@Z 0041b590 f i TraceGLWindow.obj
 0001:0001a590       ??_GTraceGLWindow@@UAEPAXI@Z 0041b590 f i TraceGLWindow.obj
 0001:0001a590       ??_GFl_Gl_Window@@UAEPAXI@Z 0041b590 f i TraceGLWindow.obj
 0001:0001a5c0       ?draw@TraceGLWindow@@UAEXXZ 0041b5c0 f   TraceGLWindow.obj
 0001:0001a690       ?h@Fl_Widget@@QBEHXZ       0041b690 f i TraceGLWindow.obj
 0001:0001a6a0       ?handle@TraceGLWindow@@UAEHH@Z 0041b6a0 f   TraceGLWindow.obj
 0001:0001a6b0       ?refresh@TraceGLWindow@@QAEXXZ 0041b6b0 f   TraceGLWindow.obj
 0001:0001a6c0       ?resizeWindow@TraceGLWindow@@QAEXHH@Z 0041b6c0 f   TraceGLWindow.obj
 0001:0001a6f0       ?saveImage@TraceGLWindow@@QAEXPAD@Z 0041b6f0 f   TraceGLWindow.obj
 0001:0001a730       ?setRayTracer@TraceGLWindow@@QAEXPAVRayTracer@@@Z 0041b730 f   TraceGLWindow.obj
 0001:0001a740       ?w@Fl_Widget@@QBEHXZ       0041b740 f i TraceGLWindow.obj
 0001:0001a750       ?x@Fl_Widget@@QBEHXZ       0041b750 f i TraceGLWindow.obj
 0001:0001a760       ?y@Fl_Widget@@QBEHXZ       0041b760 f i TraceGLWindow.obj
 0001:0001a770       ?cb_load_scene@TraceUI@@CAXPAVFl_Menu_@@PAX@Z 0041b770 f   TraceUI.obj
 0001:0001a810       ?cb_save_image@TraceUI@@CAXPAVFl_Menu_@@PAX@Z 0041b810 f   TraceUI.obj
 0001:0001a850       ?cb_exit@TraceUI@@CAXPAVFl_Menu_@@PAX@Z 0041b850 f   TraceUI.obj
 0001:0001a880       ?cb_about@TraceUI@@CAXPAVFl_Menu_@@PAX@Z 0041b880 f   TraceUI.obj
 0001:0001a890       ??0TraceUI@@QAE@XZ         0041b890 f   TraceUI.obj
 0001:0001b020       ??_GFl_Menu_Bar@@UAEPAXI@Z 0041c020 f i TraceUI.obj
 0001:0001b020       ??_EFl_Menu_Bar@@UAEPAXI@Z 0041c020 f i TraceUI.obj
 0001:0001b050       ?align@Fl_Widget@@QAEXE@Z  0041c050 f i TraceUI.obj
 0001:0001b060       ?callback@Fl_Widget@@QAEXP6AXPAV1@PAX@Z@Z 0041c060 f i TraceUI.obj
 0001:0001b070       ?cb_ambientSlides@TraceUI@@CAXPAVFl_Widget@@PAX@Z 0041c070 f   TraceUI.obj
 0001:0001b090       ?cb_attenConstSlides@TraceUI@@CAXPAVFl_Widget@@PAX@Z 0041c090 f   TraceUI.obj
 0001:0001b0b0       ?cb_attenLinearSlides@TraceUI@@CAXPAVFl_Widget@@PAX@Z 0041c0b0 f   TraceUI.obj
 0001:0001b0d0       ?cb_attenQuadSlides@TraceUI@@CAXPAVFl_Widget@@PAX@Z 0041c0d0 f   TraceUI.obj
 0001:0001b0f0       ?cb_depthSlides@TraceUI@@CAXPAVFl_Widget@@PAX@Z 0041c0f0 f   TraceUI.obj
 0001:0001b110       ?cb_distSlides@TraceUI@@CAXPAVFl_Widget@@PAX@Z 0041c110 f   TraceUI.obj
 0001:0001b130       ?cb_exit2@TraceUI@@CAXPAVFl_Widget@@PAX@Z 0041c130 f   TraceUI.obj
 0001:0001b160       ?cb_intensitySlides@TraceUI@@CAXPAVFl_Widget@@PAX@Z 0041c160 f   TraceUI.obj
 0001:0001b180       ?cb_render@TraceUI@@CAXPAVFl_Widget@@PAX@Z 0041c180 f   TraceUI.obj
 0001:0001b390       ?cb_sizeSlides@TraceUI@@CAXPAVFl_Widget@@PAX@Z 0041c390 f   TraceUI.obj
 0001:0001b3e0       ?cb_stop@TraceUI@@CAXPAVFl_Widget@@PAX@Z 0041c3e0 f   TraceUI.obj
 0001:0001b3f0       ?damage@Fl@@SAHXZ          0041c3f0 f i TraceUI.obj
 0001:0001b400       ?end@Fl_Group@@QAEXXZ      0041c400 f i TraceUI.obj
 0001:0001b410       ?label@Fl_Widget@@QBEPBDXZ 0041c410 f i TraceUI.obj
 0001:0001b410       ?label@Fl_Window@@QBEPBDXZ 0041c410 f i TraceUI.obj
 0001:0001b420       ?labelfont@Fl_Widget@@QAEXE@Z 0041c420 f i TraceUI.obj
 0001:0001b430       ?labelsize@Fl_Widget@@QAEXE@Z 0041c430 f i TraceUI.obj
 0001:0001b440       ?parent@Fl_Widget@@QBEPAV1@XZ 0041c440 f i TraceUI.obj
 0001:0001b450       ?resizable@Fl_Group@@QAEXPAVFl_Widget@@@Z 0041c450 f i TraceUI.obj
 0001:0001b460       ?setRayTracer@TraceUI@@QAEXPAVRayTracer@@@Z 0041c460 f   TraceUI.obj
 0001:0001b480       ?show@TraceUI@@QAEXXZ      0041c480 f   TraceUI.obj
 0001:0001b490       ?step@Fl_Valuator@@QAEXH@Z 0041c490 f i TraceUI.obj
 0001:0001b4b0       ?type@Fl_Widget@@QAEXE@Z   0041c4b0 f i TraceUI.obj
 0001:0001b4c0       ?user_data@Fl_Widget@@QAEXPAX@Z 0041c4c0 f i TraceUI.obj
 0001:0001b4d0       ?value@Fl_Valuator@@QBENXZ 0041c4d0 f i TraceUI.obj
 0001:0001b4e0       ?when@Fl_Widget@@QAEXE@Z   0041c4e0 f i TraceUI.obj
 0001:0001b4f0       ?writeBMP@@YAXPADHHPAE@Z   0041c4f0 f   bitmap.obj
 0001:0001b680       ??$?6DU?$char_traits@D@std@@V?$allocator@D@1@@std@@YAAAV?$basic_ostream@DU?$char_traits@D@std@@@0@AAV10@ABV?$basic_string@DU?$char_traits@D@std@@V?$allocator@D@2@@0@@Z 0041c680 f i parse.obj
 0001:0001b870       ??$?6U?$char_traits@D@std@@@std@@YAAAV?$basic_ostream@DU?$char_traits@D@std@@@0@AAV10@D@Z 0041c870 f i parse.obj
 0001:0001ba70       ??$?6U?$char_traits@D@std@@@std@@YAAAV?$basic_ostream@DU?$char_traits@D@std@@@0@AAV10@PBD@Z 0041ca70 f i parse.obj
 0001:0001bca0       ??$?8DU?$char_traits@D@std@@V?$allocator@D@1@@std@@YA_NABV?$basic_string@DU?$char_traits@D@std@@V?$allocator@D@2@@0@PBD@Z 0041cca0 f i parse.obj
 0001:0001bce0       ??$?HDU?$char_traits@D@std@@V?$allocator@D@1@@std@@YA?AV?$basic_string@DU?$char_traits@D@std@@V?$allocator@D@2@@0@$$QAV10@0@Z 0041cce0 f i parse.obj
 0001:0001bd50       ??$?HDU?$char_traits@D@std@@V?$allocator@D@1@@std@@YA?AV?$basic_string@DU?$char_traits@D@std@@V?$allocator@D@2@@0@$$QAV10@ABV10@@Z 0041cd50 f i parse.obj
 0001:0001bdd0       ??$_Buynode@AAU?$pair@$$CBV?$basic_string@DU?$char_traits@D@std@@V?$allocator@D@2@@std@@PAVObj@@@std@@@?$_Tree_buy@U?$pair@$$CBV?$basic_string@DU?$char_traits@D@std@@V?$allocator@D@2@@std@@PAVObj@@@std@@V?$allocator@U?$pair@$$CBV?$basic_string@DU?$char_traits@D@std@@V?$allocator@D@2@@std@@PAVObj@@@std@@@2@@std@@QAEPAU?$_Tree_node@U?$pair@$$CBV?$basic_string@DU?$char_traits@D@std@@V?$allocator@D@2@@std@@PAVObj@@@std@@PAX@1@AAU?$pair@$$CBV?$basic_string@DU?$char_traits@D@std@@V?$allocator@D@2@@std@@PAVObj@@@1@@Z 0041cdd0 f i parse.obj
 0001:0001be80       ??$_Copy@U?$integral_constant@_N$0A@@std@@@?$_Tree@V?$_Tmap_traits@V?$basic_string@DU?$char_traits@D@std@@V?$allocator@D@2@@std@@PAVObj@@U?$less@V?$basic_string@DU?$char_traits@D@std@@V?$allocator@D@2@@std@@@2@V?$allocator@U?$pair@$$CBV?$basic_string@DU?$char_traits@D@std@@V?$allocator@D@2@@std@@PAVObj@@@std@@@2@$0A@@std@@@std@@IAEXABV01@U?$integral_constant@_N$0A@@1@@Z 0041ce80 f i parse.obj
 0001:0001bf00       ??$_Copy_nodes@U?$integral_constant@_N$0A@@std@@@?$_Tree@V?$_Tmap_traits@V?$basic_string@DU?$char_traits@D@std@@V?$allocator@D@2@@std@@PAVObj@@U?$less@V?$basic_string@DU?$char_traits@D@std@@V?$allocator@D@2@@std@@@2@V?$allocator@U?$pair@$$CBV?$basic_string@DU?$char_traits@D@std@@V?$allocator@D@2@@std@@PAVObj@@@std@@@2@$0A@@std@@@std@@IAEPAU?$_Tree_node@U?$pair@$$CBV?$basic_string@DU?$char_traits@D@std@@V?$allocator@D@2@@std@@PAVObj@@@std@@PAX@1@PAU21@0U?$integral_constant@_N$0A@@1@@Z 0041cf00 f i parse.obj
 0001:0001bfc0       ??$_Insert_at@AAU?$pair@$$CBV?$basic_string@DU?$char_traits@D@std@@V?$allocator@D@2@@std@@PAVObj@@@std@@PAU?$_Tree_node@U?$pair@$$CBV?$basic_string@DU?$char_traits@D@std@@V?$allocator@D@2@@std@@PAVObj@@@std@@PAX@2@@?$_Tree@V?$_Tmap_traits@V?$basic_string@DU?$char_traits@D@std@@V?$allocator@D@2@@std@@PAVObj@@U?$less@V?$basic_string@DU?$char_traits@D@std@@V?$allocator@D@2@@std@@@2@V?$allocator@U?$pair@$$CBV?$basic_string@DU?$char_traits@D@std@@V?$allocator@D@2@@std@@PAVObj@@@std@@@2@$0A@@std@@@std@@IAE?AV?$_Tree_iterator@V?$_Tree_val@U?$_Tree_simple_types@U?$pair@$$CBV?$basic_string@DU?$char_traits@D@std@@V?$allocator@D@2@@std@@PAVObj@@@std@@@std@@@std@@@1@_NPAU?$_Tree_node@U?$pair@$$CBV?$basic_string@DU?$char_traits@D@std@@V?$allocator@D@2@@std@@PAVObj@@@std@@PAX@1@AAU?$pair@$$CBV?$basic_string@DU?$char_traits@D@std@@V?$allocator@D@2@@std@@PAVObj@@@1@1@Z 0041cfc0 f i parse.obj
 0001:0001bfc0       ??$_Insert_at@AAU?$pair@$$CBV?$basic_string@DU?$char_traits@D@std@@V?$allocator@D@2@@std@@PAVMaterial@@@std@@PAU?$_Tree_node@U?$pair@$$CBV?$basic_string@DU?$char_traits@D@std@@V?$allocator@D@2@@std@@PAVMaterial@@@std@@PAX@2@@?$_Tree@V?$_Tmap_traits@V?$basic_string@DU?$char_traits@D@std@@V?$allocator@D@2@@std@@PAVMaterial@@U?$less@V?$basic_string@DU?$char_traits@D@std@@V?$allocator@D@2@@std@@@2@V?$allocator@U?$pair@$$CBV?$basic_string@DU?$char_traits@D@std@@V?$allocator@D@2@@std@@PAVMaterial@@@std@@@2@$0A@@std@@@std@@IAE?AV?$_Tree_iterator@V?$_Tree_val@U?$_Tree_simple_types@U?$pair@$$CBV?$basic_string@DU?$char_traits@D@std@@V?$allocator@D@2@@std@@PAVMaterial@@@std@@@std@@@std@@@1@_NPAU?$_Tree_node@U?$pair@$$CBV?$basic_string@DU?$char_traits@D@std@@V?$allocator@D@2@@std@@PAVMaterial@@@std@@PAX@1@AAU?$pair@$$CBV?$basic_string@DU?$char_traits@D@std@@V?$allocator@D@2@@std@@PAVMaterial@@@1@1@Z 0041cfc0 f i read.obj
 0001:0001c1f0       ??$_Insert_nohint@AAU?$pair@$$CBV?$basic_string@DU?$char_traits@D@std@@V?$allocator@D@2@@std@@PAVMaterial@@@std@@PAU?$_Tree_node@U?$pair@$$CBV?$basic_string@DU?$char_traits@D@std@@V?$allocator@D@2@@std@@PAVMaterial@@@std@@PAX@2@@?$_Tree@V?$_Tmap_traits@V?$basic_string@DU?$char_traits@D@std@@V?$allocator@D@2@@std@@PAVMaterial@@U?$less@V?$basic_string@DU?$char_traits@D@std@@V?$allocator@D@2@@std@@@2@V?$allocator@U?$pair@$$CBV?$basic_string@DU?$char_traits@D@std@@V?$allocator@D@2@@std@@PAVMaterial@@@std@@@2@$0A@@std@@@std@@IAE?AU?$pair@V?$_Tree_iterator@V?$_Tree_val@U?$_Tree_simple_types@U?$pair@$$CBV?$basic_string@DU?$char_traits@D@std@@V?$allocator@D@2@@std@@PAVMaterial@@@std@@@std@@@std@@@std@@_N@1@_NAAU?$pair@$$CBV?$basic_string@DU?$char_traits@D@std@@V?$allocator@D@2@@std@@PAVMaterial@@@1@PAU?$_Tree_node@U?$pair@$$CBV?$basic_string@DU?$char_traits@D@std@@V?$allocator@D@2@@std@@PAVMaterial@@@std@@PAX@1@@Z 0041d1f0 f i read.obj
 0001:0001c1f0       ??$_Insert_nohint@AAU?$pair@$$CBV?$basic_string@DU?$char_traits@D@std@@V?$allocator@D@2@@std@@PAVObj@@@std@@PAU?$_Tree_node@U?$pair@$$CBV?$basic_string@DU?$char_traits@D@std@@V?$allocator@D@2@@std@@PAVObj@@@std@@PAX@2@@?$_Tree@V?$_Tmap_traits@V?$basic_string@DU?$char_traits@D@std@@V?$allocator@D@2@@std@@PAVObj@@U?$less@V?$basic_string@DU?$char_traits@D@std@@V?$allocator@D@2@@std@@@2@V?$allocator@U?$pair@$$CBV?$basic_string@DU?$char_traits@D@std@@V?$allocator@D@2@@std@@PAVObj@@@std@@@2@$0A@@std@@@std@@IAE?AU?$pair@V?$_Tree_iterator@V?$_Tree_val@U?$_Tree_simple_types@U?$pair@$$CBV?$basic_string@DU?$char_traits@D@std@@V?$allocator@D@2@@std@@PAVObj@@@std@@@std@@@std@@@std@@_N@1@_NAAU?$pair@$$CBV?$basic_string@DU?$char_traits@D@std@@V?$allocator@D@2@@std@@PAVObj@@@1@PAU?$_Tree_node@U?$pair@$$CBV?$basic_string@DU?$char_traits@D@std@@V?$allocator@D@2@@std@@PAVObj@@@std@@PAX@1@@Z 0041d1f0 f i parse.obj
 0001:0001c480       ??0?$_Tree@V?$_Tmap_traits@V?$basic_string@DU?$char_traits@D@std@@V?$allocator@D@2@@std@@PAVObj@@U?$less@V?$basic_string@DU?$char_traits@D@std@@V?$allocator@D@2@@std@@@2@V?$allocator@U?$pair@$$CBV?$basic_string@DU?$char_traits@D@std@@V?$allocator@D@2@@std@@PAVObj@@@std@@@2@$0A@@std@@@std@@QAE@ABV01@ABV?$allocator@U?$pair@$$CBV?$basic_string@DU?$char_traits@D@std@@V?$allocator@D@2@@std@@PAVObj@@@std@@@1@@Z 0041d480 f i parse.obj
 0001:0001c520       ??0?$basic_string@DU?$char_traits@D@std@@V?$allocator@D@2@@std@@QAE@$$QAV01@@Z 0041d520 f i parse.obj
 0001:0001c590       ??0?$vector@PAVObj@@V?$allocator@PAVObj@@@std@@@std@@QAE@ABV01@@Z 0041d590 f i parse.obj
 0001:0001c5f0       ??0Exception@@QAE@ABV0@@Z  0041d5f0 f i parse.obj
 0001:0001c5f0       ??0?$basic_string@DU?$char_traits@D@std@@V?$allocator@D@2@@std@@QAE@ABV01@@Z 0041d5f0 f i parse.obj
 0001:0001c5f0       ??0ObjTypeMismatch@@QAE@ABV0@@Z 0041d5f0 f i parse.obj
 0001:0001c5f0       ??0ParseError@@QAE@ABV0@@Z 0041d5f0 f i parse.obj
 0001:0001c5f0       ??0ParseError@@QAE@ABV?$basic_string@DU?$char_traits@D@std@@V?$allocator@D@2@@std@@@Z 0041d5f0 f i parse.obj
 0001:0001c620       ??0IdObj@@QAE@ABV?$basic_string@DU?$char_traits@D@std@@V?$allocator@D@2@@std@@@Z 0041d620 f i parse.obj
 0001:0001c690       ??0NamedObj@@QAE@ABV?$basic_string@DU?$char_traits@D@std@@V?$allocator@D@2@@std@@PAVObj@@@Z 0041d690 f i parse.obj
 0001:0001c700       ??0ObjTypeMismatch@@QAE@V?$basic_string@DU?$char_traits@D@std@@V?$allocator@D@2@@std@@0@Z 0041d700 f i parse.obj
 0001:0001c980       ??1?$_Tree_comp@$0A@V?$_Tmap_traits@V?$basic_string@DU?$char_traits@D@std@@V?$allocator@D@2@@std@@PAVObj@@U?$less@V?$basic_string@DU?$char_traits@D@std@@V?$allocator@D@2@@std@@@2@V?$allocator@U?$pair@$$CBV?$basic_string@DU?$char_traits@D@std@@V?$allocator@D@2@@std@@PAVObj@@@std@@@2@$0A@@std@@@std@@QAE@XZ 0041d980 f i parse.obj
 0001:0001c990       ??1DictObj@@UAE@XZ         0041d990 f i parse.obj
 0001:0001ca70       ??1Obj@@UAE@XZ             0041da70 f i parse.obj
 0001:0001ca80       ??1?$basic_string@DU?$char_traits@D@std@@V?$allocator@D@2@@std@@QAE@XZ 0041da80 f i main.obj
 0001:0001ca80       ??1ObjTypeMismatch@@QAE@XZ 0041da80 f i parse.obj
 0001:0001ca80       ??1ParseError@@QAE@XZ      0041da80 f i RayTracer.obj
 0001:0001cab0       ??1TupleObj@@UAE@XZ        0041dab0 f i parse.obj
 0001:0001cb40       ??1_Sentry_base@?$basic_ostream@DU?$char_traits@D@std@@@std@@QAE@XZ 0041db40 f i parse.obj
 0001:0001cb60       ??1sentry@?$basic_ostream@DU?$char_traits@D@std@@@std@@QAE@XZ 0041db60 f i parse.obj
 0001:0001cb90       ??4?$basic_string@DU?$char_traits@D@std@@V?$allocator@D@2@@std@@QAEAAV01@$$QAV01@@Z 0041db90 f i parse.obj
 0001:0001cbd0       ??E?$_Tree_unchecked_const_iterator@V?$_Tree_val@U?$_Tree_simple_types@U?$pair@$$CBV?$basic_string@DU?$char_traits@D@std@@V?$allocator@D@2@@std@@PAVMaterial@@@std@@@std@@@std@@U_Iterator_base0@2@@std@@QAEAAV01@XZ 0041dbd0 f i read.obj
 0001:0001cbd0       ??E?$_Tree_unchecked_const_iterator@V?$_Tree_val@U?$_Tree_simple_types@U?$pair@$$CBV?$basic_string@DU?$char_traits@D@std@@V?$allocator@D@2@@std@@PAVObj@@@std@@@std@@@std@@U_Iterator_base0@2@@std@@QAEAAV01@XZ 0041dbd0 f i parse.obj
 0001:0001cc20       ??R?$less@V?$basic_string@DU?$char_traits@D@std@@V?$allocator@D@2@@std@@@std@@QBE_NABV?$basic_string@DU?$char_traits@D@std@@V?$allocator@D@2@@1@0@Z 0041dc20 f i parse.obj
 0001:0001cc50       ??_GDictObj@@UAEPAXI@Z     0041dc50 f i parse.obj
 0001:0001cc50       ??_EDictObj@@UAEPAXI@Z     0041dc50 f i parse.obj
 0001:0001cc80       ??_EIdObj@@UAEPAXI@Z       0041dc80 f i parse.obj
 0001:0001cc80       ??_GIdObj@@UAEPAXI@Z       0041dc80 f i parse.obj
 0001:0001ccd0       ??_ENamedObj@@UAEPAXI@Z    0041dcd0 f i parse.obj
 0001:0001ccd0       ??_GNamedObj@@UAEPAXI@Z    0041dcd0 f i parse.obj
 0001:0001cd60       ??_GScalarObj@@UAEPAXI@Z   0041dd60 f i parse.obj
 0001:0001cd60       ??_EScalarObj@@UAEPAXI@Z   0041dd60 f i parse.obj
 0001:0001cd60       ??_EObj@@UAEPAXI@Z         0041dd60 f i parse.obj
 0001:0001cd60       ??_GBooleanObj@@UAEPAXI@Z  0041dd60 f i parse.obj
 0001:0001cd60       ??_EBooleanObj@@UAEPAXI@Z  0041dd60 f i parse.obj
 0001:0001cd60       ??_GObj@@UAEPAXI@Z         0041dd60 f i parse.obj
 0001:0001cd90       ??_GStringObj@@UAEPAXI@Z   0041dd90 f i parse.obj
 0001:0001cd90       ??_EStringObj@@UAEPAXI@Z   0041dd90 f i parse.obj
 0001:0001cde0       ??_ETupleObj@@UAEPAXI@Z    0041dde0 f i parse.obj
 0001:0001cde0       ??_GTupleObj@@UAEPAXI@Z    0041dde0 f i parse.obj
 0001:0001ce10       ?_Assign_rv@?$basic_string@DU?$char_traits@D@std@@V?$allocator@D@2@@std@@QAEX$$QAV12@@Z 0041de10 f i parse.obj
 0001:0001ce70       ?_Buy@?$vector@PAVObj@@V?$allocator@PAVObj@@@std@@@std@@IAE_NI@Z 0041de70 f i parse.obj
 0001:0001cee0       ?_Buynode0@?$_Tree_buy@U?$pair@$$CBV?$basic_string@DU?$char_traits@D@std@@V?$allocator@D@2@@std@@PAVObj@@@std@@V?$allocator@U?$pair@$$CBV?$basic_string@DU?$char_traits@D@std@@V?$allocator@D@2@@std@@PAVObj@@@std@@@2@@std@@QAEPAU?$_Tree_node@U?$pair@$$CBV?$basic_string@DU?$char_traits@D@std@@V?$allocator@D@2@@std@@PAVObj@@@std@@PAX@2@XZ 0041dee0 f i parse.obj
 0001:0001cee0       ?_Buynode0@?$_Tree_buy@U?$pair@$$CBV?$basic_string@DU?$char_traits@D@std@@V?$allocator@D@2@@std@@PAVMaterial@@@std@@V?$allocator@U?$pair@$$CBV?$basic_string@DU?$char_traits@D@std@@V?$allocator@D@2@@std@@PAVMaterial@@@std@@@2@@std@@QAEPAU?$_Tree_node@U?$pair@$$CBV?$basic_string@DU?$char_traits@D@std@@V?$allocator@D@2@@std@@PAVMaterial@@@std@@PAX@2@XZ 0041dee0 f i read.obj
 0001:0001cf20       ?_Chassign@?$basic_string@DU?$char_traits@D@std@@V?$allocator@D@2@@std@@QAEXIID@Z 0041df20 f i parse.obj
 0001:0001cf70       ?_Destroy_if_not_nil@?$_Tree@V?$_Tmap_traits@V?$basic_string@DU?$char_traits@D@std@@V?$allocator@D@2@@std@@PAVObj@@U?$less@V?$basic_string@DU?$char_traits@D@std@@V?$allocator@D@2@@std@@@2@V?$allocator@U?$pair@$$CBV?$basic_string@DU?$char_traits@D@std@@V?$allocator@D@2@@std@@PAVObj@@@std@@@2@$0A@@std@@@std@@IAEXPAU?$_Tree_node@U?$pair@$$CBV?$basic_string@DU?$char_traits@D@std@@V?$allocator@D@2@@std@@PAVObj@@@std@@PAX@2@@Z 0041df70 f i parse.obj
 0001:0001cf70       ?_Destroy_if_not_nil@?$_Tree@V?$_Tmap_traits@V?$basic_string@DU?$char_traits@D@std@@V?$allocator@D@2@@std@@PAVMaterial@@U?$less@V?$basic_string@DU?$char_traits@D@std@@V?$allocator@D@2@@std@@@2@V?$allocator@U?$pair@$$CBV?$basic_string@DU?$char_traits@D@std@@V?$allocator@D@2@@std@@PAVMaterial@@@std@@@2@$0A@@std@@@std@@IAEXPAU?$_Tree_node@U?$pair@$$CBV?$basic_string@DU?$char_traits@D@std@@V?$allocator@D@2@@std@@PAVMaterial@@@std@@PAX@2@@Z 0041df70 f i read.obj
 0001:0001cfb0       ?_Reallocate@?$vector@PAVMaterial@@V?$allocator@PAVMaterial@@@std@@@std@@IAEXI@Z 0041dfb0 f i trimesh.obj
 0001:0001cfb0       ?_Reallocate@?$vector@PAVObj@@V?$allocator@PAVObj@@@std@@@std@@IAEXI@Z 0041dfb0 f i parse.obj
 0001:0001cfb0       ?_Reallocate@?$vector@PAVTrimeshFace@@V?$allocator@PAVTrimeshFace@@@std@@@std@@IAEXI@Z 0041dfb0 f i trimesh.obj
 0001:0001d030       ?_Reserve@?$vector@PAVMaterial@@V?$allocator@PAVMaterial@@@std@@@std@@IAEXI@Z 0041e030 f i trimesh.obj
 0001:0001d030       ?_Reserve@?$vector@PAVObj@@V?$allocator@PAVObj@@@std@@@std@@IAEXI@Z 0041e030 f i parse.obj
 0001:0001d030       ?_Reserve@?$vector@PAVTrimeshFace@@V?$allocator@PAVTrimeshFace@@@std@@@std@@IAEXI@Z 0041e030 f i trimesh.obj
 0001:0001d0b0       ?append@?$basic_string@DU?$char_traits@D@std@@V?$allocator@D@2@@std@@QAEAAV12@ABV12@II@Z 0041e0b0 f i parse.obj
 0001:0001d170       ?append@?$basic_string@DU?$char_traits@D@std@@V?$allocator@D@2@@std@@QAEAAV12@ID@Z 0041e170 f i parse.obj
 0001:0001d220       ?compare@?$basic_string@DU?$char_traits@D@std@@V?$allocator@D@2@@std@@QBEHIIPBDI@Z 0041e220 f i parse.obj
 0001:0001d290       ?compare@?$char_traits@D@std@@SAHPBD0I@Z 0041e290 f i parse.obj
 0001:0001d540       ?getBoolean@BooleanObj@@UBE_NXZ 0041e540 f i parse.obj
 0001:0001d550       ?getBoolean@Obj@@UBE_NXZ   0041e550 f i parse.obj
 0001:0001d600       ?getChild@NamedObj@@UBEPAVObj@@XZ 0041e600 f i parse.obj
 0001:0001d610       ?getTuple@TupleObj@@UBEABV?$vector@PAVObj@@V?$allocator@PAVObj@@@std@@@std@@XZ 0041e610 f i parse.obj
 0001:0001d610       ?getDict@DictObj@@UBEABV?$map@V?$basic_string@DU?$char_traits@D@std@@V?$allocator@D@2@@std@@PAVObj@@U?$less@V?$basic_string@DU?$char_traits@D@std@@V?$allocator@D@2@@std@@@2@V?$allocator@U?$pair@$$CBV?$basic_string@DU?$char_traits@D@std@@V?$allocator@D@2@@std@@PAVObj@@@std@@@2@@std@@XZ 0041e610 f i parse.obj
 0001:0001d620       ?getDict@Obj@@UBEABV?$map@V?$basic_string@DU?$char_traits@D@std@@V?$allocator@D@2@@std@@PAVObj@@U?$less@V?$basic_string@DU?$char_traits@D@std@@V?$allocator@D@2@@std@@@2@V?$allocator@U?$pair@$$CBV?$basic_string@DU?$char_traits@D@std@@V?$allocator@D@2@@std@@PAVObj@@@std@@@2@@std@@XZ 0041e620 f i parse.obj
 0001:0001d6d0       ?getID@Obj@@UBE?AV?$basic_string@DU?$char_traits@D@std@@V?$allocator@D@2@@std@@XZ 0041e6d0 f i parse.obj
 0001:0001d780       ?getName@Obj@@UBE?AV?$basic_string@DU?$char_traits@D@std@@V?$allocator@D@2@@std@@XZ 0041e780 f i parse.obj
 0001:0001d780       ?getChild@Obj@@UBEPAV1@XZ  0041e780 f i parse.obj
 0001:0001d830       ?getScalar@Obj@@UBENXZ     0041e830 f i parse.obj
 0001:0001d8e0       ?getScalar@ScalarObj@@UBENXZ 0041e8e0 f i parse.obj
 0001:0001d8f0       ?getString@Obj@@UBE?AV?$basic_string@DU?$char_traits@D@std@@V?$allocator@D@2@@std@@XZ 0041e8f0 f i parse.obj
 0001:0001d9a0       ?getString@StringObj@@UBE?AV?$basic_string@DU?$char_traits@D@std@@V?$allocator@D@2@@std@@XZ 0041e9a0 f i parse.obj
 0001:0001d9a0       ?getID@IdObj@@UBE?AV?$basic_string@DU?$char_traits@D@std@@V?$allocator@D@2@@std@@XZ 0041e9a0 f i parse.obj
 0001:0001d9a0       ?getName@NamedObj@@UBE?AV?$basic_string@DU?$char_traits@D@std@@V?$allocator@D@2@@std@@XZ 0041e9a0 f i parse.obj
 0001:0001d9e0       ?getTuple@Obj@@UBEABV?$vector@PAVObj@@V?$allocator@PAVObj@@@std@@@std@@XZ 0041e9e0 f i parse.obj
 0001:0001da90       ?getTypeName@BooleanObj@@UBE?AV?$basic_string@DU?$char_traits@D@std@@V?$allocator@D@2@@std@@XZ 0041ea90 f i parse.obj
 0001:0001dad0       ?getTypeName@DictObj@@UBE?AV?$basic_string@DU?$char_traits@D@std@@V?$allocator@D@2@@std@@XZ 0041ead0 f i parse.obj
 0001:0001db10       ?getTypeName@IdObj@@UBE?AV?$basic_string@DU?$char_traits@D@std@@V?$allocator@D@2@@std@@XZ 0041eb10 f i parse.obj
 0001:0001db50       ?getTypeName@NamedObj@@UBE?AV?$basic_string@DU?$char_traits@D@std@@V?$allocator@D@2@@std@@XZ 0041eb50 f i parse.obj
 0001:0001db90       ?getTypeName@Obj@@UBE?AV?$basic_string@DU?$char_traits@D@std@@V?$allocator@D@2@@std@@XZ 0041eb90 f i parse.obj
 0001:0001dbd0       ?getTypeName@ScalarObj@@UBE?AV?$basic_string@DU?$char_traits@D@std@@V?$allocator@D@2@@std@@XZ 0041ebd0 f i parse.obj
 0001:0001dc10       ?getTypeName@StringObj@@UBE?AV?$basic_string@DU?$char_traits@D@std@@V?$allocator@D@2@@std@@XZ 0041ec10 f i parse.obj
 0001:0001dc50       ?getTypeName@TupleObj@@UBE?AV?$basic_string@DU?$char_traits@D@std@@V?$allocator@D@2@@std@@XZ 0041ec50 f i parse.obj
 0001:0001dc90       ?insert@?$basic_string@DU?$char_traits@D@std@@V?$allocator@D@2@@std@@QAEAAV12@IABV12@II@Z 0041ec90 f i parse.obj
 0001:0001ddc0       ?printOn@BooleanObj@@UBEXAAV?$basic_ostream@DU?$char_traits@D@std@@@std@@@Z 0041edc0 f i parse.obj
 0001:0001ddf0       ?printOn@DictObj@@UBEXAAV?$basic_ostream@DU?$char_traits@D@std@@@std@@@Z 0041edf0 f i parse.obj
[...]
 0003:0000015c       $SG28550                   0043515c     fltkd:Fl_Gl_Window.obj
 0003:0000016c       $SG28553                   0043516c     fltkd:Fl_Gl_Window.obj
 0003:00000174       $SG28556                   00435174     fltkd:Fl_Gl_Window.obj
 0003:00000184       $SG2343                    00435184     fltkd:Fl_Valuator.obj
 0003:00000188       $SG2350                    00435188     fltkd:Fl_Valuator.obj
 0003:00000190       _current_callback          00435190     fltkd:fl_file_chooser.obj
 0003:00000194       $SG4022                    00435194     fltkd:fl_file_chooser.obj
 0003:000001a0       $SG4024                    004351a0     fltkd:fl_file_chooser.obj
 0003:000001a4       $SG4027                    004351a4     fltkd:fl_file_chooser.obj
 0003:000001b8       $SG4031                    004351b8     fltkd:fl_file_chooser.obj
 0003:000001c8       $SG4064                    004351c8     fltkd:fl_file_chooser.obj
 0003:000001dc       $SG4071                    004351dc     fltkd:fl_file_chooser.obj
 0003:000001f0       $SG4207                    004351f0     fltkd:fl_file_chooser.obj
 0003:000001f4       $SG4212                    004351f4     fltkd:fl_file_chooser.obj
 0003:00000208       $SG4217                    00435208     fltkd:fl_file_chooser.obj
 0003:00000210       $SG4219                    00435210     fltkd:fl_file_chooser.obj
 0003:00000214       $SG4224                    00435214     fltkd:fl_file_chooser.obj
 0003:0000021c       $SG4226                    0043521c     fltkd:fl_file_chooser.obj
 0003:00000220       $SG4231                    00435220     fltkd:fl_file_chooser.obj
 0003:00000230       $SG4247                    00435230     fltkd:fl_file_chooser.obj
 0003:0000023c       $SG4249                    0043523c     fltkd:fl_file_chooser.obj
 0003:00000240       $SG4254                    00435240     fltkd:fl_file_chooser.obj
 0003:00000250       $SG4256                    00435250     fltkd:fl_file_chooser.obj
 0003:00000254       $SG4261                    00435254     fltkd:fl_file_chooser.obj
 0003:00000264       $SG4263                    00435264     fltkd:fl_file_chooser.obj
 0003:00000268       $SG4136                    00435268     fltkd:fl_file_chooser.obj
 0003:0000026c       $SG4145                    0043526c     fltkd:fl_file_chooser.obj
 0003:00000270       $SG4297                    00435270     fltkd:fl_file_chooser.obj
 0003:00000284       $SG28044                   00435284     fltkd:Fl_x.obj
 0003:0000028c       $SG27899                   0043528c     fltkd:Fl_x.obj
 0003:0000029c       $SG970                     0043529c     fltkd:Fl_compose.obj
 0003:00000360       $SG931                     00435360     fltkd:vsnprintf.obj
 0003:00000368       $SG2365                    00435368     fltkd:Fl_Input.obj
 0003:00000370       $SG2394                    00435370     fltkd:Fl_Input.obj
 0003:00000374       $SG3298                    00435374     fltkd:Fl_Input_.obj
 0003:00000380       _table                     00435380     fltkd:fl_shortcut.obj
 0003:00000470       $SG2303                    00435470     fltkd:fl_shortcut.obj
 0003:0000047c       $SG2304                    0043547c     fltkd:fl_shortcut.obj
 0003:00000480       $SG2305                    00435480     fltkd:fl_shortcut.obj
 0003:00000488       $SG2306                    00435488     fltkd:fl_shortcut.obj
 0003:00000490       $SG2307                    00435490     fltkd:fl_shortcut.obj
 0003:00000498       $SG2308                    00435498     fltkd:fl_shortcut.obj
 0003:000004a4       $SG2309                    004354a4     fltkd:fl_shortcut.obj
 0003:000004ac       $SG2310                    004354ac     fltkd:fl_shortcut.obj
 0003:000004b4       $SG2311                    004354b4     fltkd:fl_shortcut.obj
 0003:000004bc       $SG2312                    004354bc     fltkd:fl_shortcut.obj
 0003:000004c0       $SG2313                    004354c0     fltkd:fl_shortcut.obj
 0003:000004c8       $SG2314                    004354c8     fltkd:fl_shortcut.obj
 0003:000004d0       $SG2315                    004354d0     fltkd:fl_shortcut.obj
 0003:000004d8       $SG2316                    004354d8     fltkd:fl_shortcut.obj
 0003:000004e4       $SG2317                    004354e4     fltkd:fl_shortcut.obj
 0003:000004e8       $SG2318                    004354e8     fltkd:fl_shortcut.obj
 0003:000004f0       $SG2319                    004354f0     fltkd:fl_shortcut.obj
 0003:000004f8       $SG2320                    004354f8     fltkd:fl_shortcut.obj
 0003:00000500       $SG2321                    00435500     fltkd:fl_shortcut.obj
 0003:0000050c       $SG2322                    0043550c     fltkd:fl_shortcut.obj
 0003:00000518       $SG2323                    00435518     fltkd:fl_shortcut.obj
 0003:00000520       $SG2324                    00435520     fltkd:fl_shortcut.obj
 0003:00000528       $SG2325                    00435528     fltkd:fl_shortcut.obj
 0003:00000534       $SG2326                    00435534     fltkd:fl_shortcut.obj
 0003:00000540       $SG2327                    00435540     fltkd:fl_shortcut.obj
 0003:0000054c       $SG2328                    0043554c     fltkd:fl_shortcut.obj
 0003:00000554       $SG2329                    00435554     fltkd:fl_shortcut.obj
 0003:0000055c       $SG2330                    0043555c     fltkd:fl_shortcut.obj
 0003:00000564       $SG2331                    00435564     fltkd:fl_shortcut.obj
 0003:0000056c       $SG2332                    0043556c     fltkd:fl_shortcut.obj
 0003:00000574       $SG2341                    00435574     fltkd:fl_shortcut.obj
 0003:0000057c       $SG2343                    0043557c     fltkd:fl_shortcut.obj
 0003:00000584       $SG2345                    00435584     fltkd:fl_shortcut.obj
 0003:0000058c       $SG2347                    0043558c     fltkd:fl_shortcut.obj
 0003:00000594       $SG2363                    00435594     fltkd:fl_shortcut.obj
 0003:000005a4       $SG25957                   004355a4     fltkd:Fl_abort.obj
 0003:000005ac       $SG25968                   004355ac     fltkd:Fl_abort.obj
 0003:000005b4       _fl_cmap                   004355b4     fltkd:fl_color.obj
 0003:000009b8       _active_ramp               004359b8     fltkd:fl_boxtype.obj
 0003:000009d0       _inactive_ramp             004359d0     fltkd:fl_boxtype.obj
 0003:000009e8       _draw_it_active            004359e8     fltkd:fl_boxtype.obj
 0003:000009f0       _fl_box_table              004359f0     fltkd:fl_boxtype.obj
 0003:00000b20       $SG1897                    00435b20     fltkd:fl_boxtype.obj
 0003:00000b28       $SG1912                    00435b28     fltkd:fl_boxtype.obj
 0003:00000b30       $SG1927                    00435b30     fltkd:fl_boxtype.obj
 0003:00000b3c       $SG1944                    00435b3c     fltkd:fl_boxtype.obj
 0003:00000b48       $SG1959                    00435b48     fltkd:fl_boxtype.obj
 0003:00000b54       $SG1974                    00435b54     fltkd:fl_boxtype.obj
 0003:00000b60       $SG1350                    00435b60     fltkd:fl_draw.obj
 0003:00000b68       _built_in_table            00435b68     fltkd:fl_font.obj
 0003:00000bec       $SG26919                   00435bec     fltkd:fl_font.obj
 0003:00000bf4       $SG26920                   00435bf4     fltkd:fl_font.obj
 0003:00000bfc       $SG26921                   00435bfc     fltkd:fl_font.obj
 0003:00000c04       $SG26922                   00435c04     fltkd:fl_font.obj
 0003:00000c0c       $SG26923                   00435c0c     fltkd:fl_font.obj
 0003:00000c1c       $SG26924                   00435c1c     fltkd:fl_font.obj
 0003:00000c2c       $SG26925                   00435c2c     fltkd:fl_font.obj
 0003:00000c3c       $SG26926                   00435c3c     fltkd:fl_font.obj
 0003:00000c4c       $SG26927                   00435c4c     fltkd:fl_font.obj
 0003:00000c60       $SG26928                   00435c60     fltkd:fl_font.obj
 0003:00000c74       $SG26929                   00435c74     fltkd:fl_font.obj
 0003:00000c88       $SG26930                   00435c88     fltkd:fl_font.obj
 0003:00000c9c       $SG26931                   00435c9c     fltkd:fl_font.obj
 0003:00000ca4       $SG26932                   00435ca4     fltkd:fl_font.obj
 0003:00000cb0       $SG26933                   00435cb0     fltkd:fl_font.obj
 0003:00000cbc       $SG26934                   00435cbc     fltkd:fl_font.obj
 0003:00000cc8       _table                     00435cc8     fltkd:fl_labeltype.obj
 0003:00000d0c       $SG964                     00435d0c     fltkd:filename_expand.obj
 0003:00000d14       $SG1011                    00435d14     fltkd:filename_absolute.obj
 0003:00000d18       $SG25487                   00435d18     fltkd:scandir.obj
 0003:00000d1c       $SG25489                   00435d1c     fltkd:scandir.obj
 0003:00000d3c       $SG25791                   00435d3c     fltkd:fl_call_main.obj
 0003:00000d40       $SG25792                   00435d40     fltkd:fl_call_main.obj
 0003:00000d48       $SG25793                   00435d48     fltkd:fl_call_main.obj
 0003:00000d4c       $SG25794                   00435d4c     fltkd:fl_call_main.obj
 0003:00000d54       $SG25795                   00435d54     fltkd:fl_call_main.obj
 0003:00000d58       $SG25796                   00435d58     fltkd:fl_call_main.obj
 0003:000013e8       _allocator_arg             004363e8     main.obj
 0003:000013e9       _piecewise_construct       004363e9     main.obj
 0003:000013ea       __Tuple_alloc              004363ea     RayTracer.obj
 0003:000013eb       _ignore                    004363eb     RayTracer.obj
 0003:000013ec       _allocator_arg             004363ec     RayTracer.obj
 0003:000013ed       _piecewise_construct       004363ed     RayTracer.obj
 0003:000013f8       _allocator_arg             004363f8     TraceGLWindow.obj
 0003:000013f9       _piecewise_construct       004363f9     TraceGLWindow.obj
 0003:000013fa       _allocator_arg             004363fa     TraceUI.obj
 0003:000013fb       _piecewise_construct       004363fb     TraceUI.obj
 0003:000013fc       _done                      004363fc     TraceUI.obj
 0003:00001438       __Tuple_alloc              00436438     parse.obj
 0003:00001439       _ignore                    00436439     parse.obj
 0003:0000143a       _allocator_arg             0043643a     parse.obj
 0003:0000143b       _piecewise_construct       0043643b     parse.obj
 0003:0000143c       __Tuple_alloc              0043643c     read.obj
 0003:0000143d       _ignore                    0043643d     read.obj
 0003:0000143e       _allocator_arg             0043643e     read.obj
 0003:0000143f       _piecewise_construct       0043643f     read.obj
 0003:00001448       _allocator_arg             00436448     vecmath.obj
 0003:00001449       _piecewise_construct       00436449     vecmath.obj
 0003:0000144a       _allocator_arg             0043644a     camera.obj
 0003:0000144b       _piecewise_construct       0043644b     camera.obj
 0003:0000144c       _allocator_arg             0043644c     light.obj
 0003:0000144d       _piecewise_construct       0043644d     light.obj
 0003:0000144e       _allocator_arg             0043644e     material.obj
 0003:0000144f       _piecewise_construct       0043644f     material.obj
 0003:00001450       _allocator_arg             00436450     ray.obj
 0003:00001451       _piecewise_construct       00436451     ray.obj
 0003:00001452       _allocator_arg             00436452     scene.obj
 0003:00001453       _piecewise_construct       00436453     scene.obj
 0003:00001454       _allocator_arg             00436454     Box.obj
 0003:00001455       _piecewise_construct       00436455     Box.obj
 0003:00001456       _allocator_arg             00436456     Cone.obj
 0003:00001457       _piecewise_construct       00436457     Cone.obj
 0003:00001458       _allocator_arg             00436458     Cylinder.obj
 0003:00001459       _piecewise_construct       00436459     Cylinder.obj
 0003:0000145a       _allocator_arg             0043645a     Sphere.obj
 0003:0000145b       _piecewise_construct       0043645b     Sphere.obj
 0003:0000145c       _allocator_arg             0043645c     Square.obj
 0003:0000145d       _piecewise_construct       0043645d     Square.obj
 0003:0000145e       _allocator_arg             0043645e     trimesh.obj
 0003:0000145f       _piecewise_construct       0043645f     trimesh.obj
 0003:00001468       _free_check                00436468     fltkd:Fl.obj
 0003:00001478       _missed_timeout_by         00436478     fltkd:Fl.obj
 0003:0000148c       _in_idle                   0043648c     fltkd:Fl.obj
 0003:000014a4       _first_check               004364a4     fltkd:Fl.obj
 0003:000014a8       _free_timeout              004364a8     fltkd:Fl.obj
 0003:000014b0       _next_check                004364b0     fltkd:Fl.obj
 0003:000014bc       _?prevclock@?1??elapse_timeouts@@YAXXZ@4KA 004364bc     fltkd:Fl.obj
 0003:000014d0       _first_timeout             004364d0     fltkd:Fl.obj
 0003:000014dc       _handlers                  004364dc     fltkd:Fl.obj
 0003:000014e0       $SG26421                   004364e0     fltkd:Fl.obj
 0003:000014e4       _icon                      004364e4     fltkd:fl_ask.obj
 0003:000014e8       _input                     004364e8     fltkd:fl_ask.obj
 0003:000014ec       _message_form              004364ec     fltkd:fl_ask.obj
 0003:000014f0       _message                   004364f0     fltkd:fl_ask.obj
 0003:000014f4       _button                    004364f4     fltkd:fl_ask.obj
 0003:00001505       _SWAP_TYPE                 00436505     fltkd:Fl_Gl_Window.obj
 0003:0000150c       _?ortho_context@?CO@??flush@Fl_Gl_Window@@UAEXXZ@4PAUHGLRC__@@A 0043650c     fltkd:Fl_Gl_Window.obj
 0003:00001510       _?ortho_window@?CO@??flush@Fl_Gl_Window@@UAEXXZ@4PAV2@A 00436510     fltkd:Fl_Gl_Window.obj
 0003:00001514       _obj_queue                 00436514     fltkd:Fl_Widget.obj
 0003:00001564       _obj_tail                  00436564     fltkd:Fl_Widget.obj
 0003:00001568       _obj_head                  00436568     fltkd:Fl_Widget.obj
 0003:00001570       _?f@?1??fl_file_chooser@@YAPADPBD00@Z@4PAVFCW@@A 00436570     fltkd:fl_file_chooser.obj
 0003:00001574       _extra_button              00436574     fltkd:fl_file_chooser.obj
 0003:00001580       $SG4242                    00436580     fltkd:fl_file_chooser.obj
 0003:00001584       $SG4162                    00436584     fltkd:fl_file_chooser.obj
 0003:00001594       _?vklut@?1??ms2fltk@@YAHHH@Z@4PAGA 00436594     fltkd:Fl_x.obj
 0003:00001794       _resize_bug_fix            00436794     fltkd:Fl_x.obj
 0003:0000179c       _?pmy@?1??mouse_event@@YAHPAVFl_Window@@HHIJ@Z@4HA 0043679c     fltkd:Fl_x.obj
 0003:000017bc       _?buffer@?EI@??WndProc@@YGJPAUHWND__@@IIJ@Z@4PADA 004367bc     fltkd:Fl_x.obj
 0003:000017c0       _fdsets                    004367c0     fltkd:Fl_x.obj
 0003:00001ad4       _?pmx@?1??mouse_event@@YAHPAVFl_Window@@HHIJ@Z@4HA 00436ad4     fltkd:Fl_x.obj
 0003:00001ad8       _?px@?1??mouse_event@@YAHPAVFl_Window@@HHIJ@Z@4HA 00436ad8     fltkd:Fl_x.obj
 0003:00001adc       _?py@?1??mouse_event@@YAHPAVFl_Window@@HHIJ@Z@4HA 00436adc     fltkd:Fl_x.obj
 0003:00001ae8       _?extendedlut@?1??ms2fltk@@YAHHH@Z@4PAGA 00436ae8     fltkd:Fl_x.obj
 0003:00001ce8       _nfds                      00436ce8     fltkd:Fl_x.obj
 0003:00001cec       _fd_array_size             00436cec     fltkd:Fl_x.obj
 0003:00001cf0       _fd                        00436cf0     fltkd:Fl_x.obj
 0003:00001cf4       _?cnt@?1??WndProc@@YGJPAUHWND__@@IIJ@Z@4HA 00436cf4     fltkd:Fl_x.obj
 0003:00001cfc       $SG28179                   00436cfc     fltkd:Fl_x.obj
 0003:00001d04       _rstack                    00436d04     fltkd:fl_rect.obj
 0003:00001d2c       _rstackptr                 00436d2c     fltkd:fl_rect.obj
 0003:00001d38       _undobuffer                00436d38     fltkd:Fl_Input_.obj
 0003:00001d3c       _undobufferlength          00436d3c     fltkd:Fl_Input_.obj
 0003:00001d40       _undowidget                00436d40     fltkd:Fl_Input_.obj
 0003:00001d44       _undoat                    00436d44     fltkd:Fl_Input_.obj
 0003:00001d48       _undoinsert                00436d48     fltkd:Fl_Input_.obj
 0003:00001d4c       _yankcut                   00436d4c     fltkd:Fl_Input_.obj
 0003:00001d50       _up_down_pos               00436d50     fltkd:Fl_Input_.obj
 0003:00001d58       _was_up_down               00436d58     fltkd:Fl_Input_.obj
 0003:00001d5c       _undocut                   00436d5c     fltkd:Fl_Input_.obj
 0003:00001d60       $SG3535                    00436d60     fltkd:Fl_Input_.obj
 0003:00001d64       $SG3578                    00436d64     fltkd:Fl_Input_.obj
 0003:00001d68       _?buf@?1??fl_shortcut_label@@YAPBDH@Z@4PADA 00436d68     fltkd:fl_shortcut.obj
 0003:00001d7c       _first                     00436d7c     fltkd:Fl_Gl_Choice.obj
 0003:00001d80       _cached_window             00436d80     fltkd:Fl_Gl_Choice.obj
 0003:00001d84       _cached_context            00436d84     fltkd:Fl_Gl_Choice.obj
 0003:00001d88       _first_context             00436d88     fltkd:Fl_Gl_Choice.obj
 0003:00002998       _?brushes@?1??fl_brush@@YAPAUHBRUSH__@@XZ@4PAUFl_Brush@@A 00437998     fltkd:fl_color.obj
 0003:00002a58       _?xmap@?1??fl_color@@YAXEEE@Z@4UFl_XMap@@A 00437a58     fltkd:fl_color.obj
 0003:00002a68       _?beenhere@?1??fl_select_palette@@YAPAUHPALETTE__@@XZ@4DA 00437a68     fltkd:fl_color.obj
 0003:00002a78       _p                         00437a78     fltkd:Fl_Menu.obj
 0003:00002a80       _?dummy@?1??popup@Fl_Menu_Item@@QBEPBU2@HHPBDPBU2@PBVFl_Menu_@@@Z@4U2@A 00437a80     fltkd:Fl_Menu.obj
 0003:00002a98       _button                    00437a98     fltkd:Fl_Menu.obj
 0003:00002a9c       _?offcenter@?BA@??handle@Fl_Slider@@IAEHHHHHH@Z@4HA 00437a9c     fltkd:Fl_Slider.obj
 0003:00002aa0       _underline_at              00437aa0     fltkd:fl_draw.obj
 0003:00002ab4       _measure                   00437ab4     fltkd:fl_labeltype.obj
 0003:00002af4       _?whichway@?CL@??handle@Fl_Browser_@@UAEHH@Z@4DA 00437af4     fltkd:Fl_Browser_.obj
 0003:00002af5       _?change@?CL@??handle@Fl_Browser_@@UAEHH@Z@4DA 00437af5     fltkd:Fl_Browser_.obj
 0003:00002af8       _?py@?CL@??handle@Fl_Browser_@@UAEHH@Z@4HA 00437af8     fltkd:Fl_Browser_.obj
 0003:00002afc       _selection_buffer_length   00437afc     fltkd:Fl_cutpaste.obj
 0003:00002b00       _selection_length          00437b00     fltkd:Fl_cutpaste.obj
 0003:00002b04       _selection_buffer          00437b04     fltkd:Fl_cutpaste.obj
 0003:00002b08       _ignore_destroy            00437b08     fltkd:Fl_cutpaste.obj
 0003:00002b09       _beenhere                  00437b09     fltkd:Fl_cutpaste.obj
 0003:00002b10       _GS_ExceptionRecord        00437b10     MSVCRT:gs_report.obj
 0003:00002b60       _GS_ContextRecord          00437b60     MSVCRT:gs_report.obj
 0003:00002e2c       _DebuggerWasPresent        00437e2c     MSVCRT:gs_report.obj
 0003:00002e30       _has_cctor                 00437e30     MSVCRT:crtexew.obj
 0003:00002e34       _mainret                   00437e34     MSVCRT:crtexew.obj
 0003:00002e38       _managedapp                00437e38     MSVCRT:crtexew.obj
 0003:00002e3c       _argc                      00437e3c     MSVCRT:crtexew.obj
 0003:00002e40       _argv                      00437e40     MSVCRT:crtexew.obj
 0003:00002e44       _envp                      00437e44     MSVCRT:crtexew.obj
 0003:00002e48       _argret                    00437e48     MSVCRT:crtexew.obj
 0003:00002e4c       _startinfo                 00437e4c     MSVCRT:crtexew.obj
 0003:00002e60       __Fac_head                 00437e60     msvcprt:locale0_implib.obj
 0003:00002e64       __Fac_tidy_reg             00437e64     msvcprt:locale0_implib.obj
 0004:00000060       $R000000                   00438060     * linker generated manifest res *
